Archive member included because of file (symbol)

contiki-z1.a(rimeaddr.o)      obj_z1/contiki-z1-main.o (rimeaddr_copy)
contiki-z1.a(csma.o)          obj_z1/contiki-z1-main.o (csma_driver)
contiki-z1.a(contikimac.o)    obj_z1/contiki-z1-main.o (contikimac_driver)
contiki-z1.a(phase.o)         contiki-z1.a(contikimac.o) (phase_update)
contiki-z1.a(process.o)       obj_z1/contiki-z1-main.o (process_init)
contiki-z1.a(autostart.o)     obj_z1/contiki-z1-main.o (autostart_start)
contiki-z1.a(memb.o)          contiki-z1.a(csma.o) (memb_init)
contiki-z1.a(timer.o)         contiki-z1.a(phase.o) (timer_set)
contiki-z1.a(list.o)          contiki-z1.a(csma.o) (list_init)
contiki-z1.a(etimer.o)        obj_z1/contiki-z1-main.o (etimer_process)
contiki-z1.a(ctimer.o)        obj_z1/contiki-z1-main.o (ctimer_init)
contiki-z1.a(energest.o)      obj_z1/contiki-z1-main.o (energest_init)
contiki-z1.a(rtimer.o)        obj_z1/contiki-z1-main.o (rtimer_init)
contiki-z1.a(random.o)        unicast-sender.co (random_rand)
contiki-z1.a(nbr-table.o)     contiki-z1.a(phase.o) (nbr_table_register)
contiki-z1.a(packetbuf.o)     contiki-z1.a(contikimac.o) (packetbuf_hdr_remove)
contiki-z1.a(queuebuf.o)      obj_z1/contiki-z1-main.o (queuebuf_init)
contiki-z1.a(sicslowpan.o)    obj_z1/contiki-z1-main.o (sicslowpan_driver)
contiki-z1.a(simple-udp.o)    unicast-sender.co (simple_udp_sendto)
contiki-z1.a(tcpip.o)         contiki-z1.a(sicslowpan.o) (tcpip_set_outputfunc)
contiki-z1.a(uip-debug.o)     unicast-sender.co (uip_debug_ipaddr_print)
contiki-z1.a(uip-ds6-route.o)
                              contiki-z1.a(tcpip.o) (uip_ds6_route_nexthop)
contiki-z1.a(uip-ds6-nbr.o)   contiki-z1.a(tcpip.o) (uip_ds6_nbr_add)
contiki-z1.a(uip-ds6.o)       contiki-z1.a(tcpip.o) (uip_ds6_is_addr_onlink)
contiki-z1.a(uip-nd6.o)       contiki-z1.a(tcpip.o) (uip_nd6_ns_output)
contiki-z1.a(uip-udp-packet.)
                              contiki-z1.a(simple-udp.o) (uip_udp_packet_sendto)
contiki-z1.a(uip6.o)          contiki-z1.a(sicslowpan.o) (uip_aligned_buf)
contiki-z1.a(servreg-hack.o)  unicast-sender.co (servreg_hack_init)
contiki-z1.a(contiki-z1-plat)
                              obj_z1/contiki-z1-main.o (init_platform)
contiki-z1.a(msp430.o)        obj_z1/contiki-z1-main.o (msp430_cpu_init)
contiki-z1.a(leds.o)          obj_z1/contiki-z1-main.o (leds_init)
contiki-z1.a(watchdog.o)      obj_z1/contiki-z1-main.o (watchdog_start)
contiki-z1.a(xmem.o)          obj_z1/contiki-z1-main.o (xmem_init)
contiki-z1.a(spi.o)           contiki-z1.a(xmem.o) (spi_init)
contiki-z1.a(cc2420.o)        obj_z1/contiki-z1-main.o (cc2420_set_channel)
contiki-z1.a(cc2420-arch.o)   contiki-z1.a(cc2420.o) (cc2420_arch_init)
contiki-z1.a(node-id.o)       obj_z1/contiki-z1-main.o (node_id_restore)
contiki-z1.a(sensors.o)       contiki-z1.a(contiki-z1-plat) (sensors_process)
contiki-z1.a(button-sensor.o)
                              obj_z1/contiki-z1-main.o (button_sensor)
contiki-z1.a(uart0.o)         obj_z1/contiki-z1-main.o (uart0_active)
contiki-z1.a(uart0-putchar.o)
                              unicast-sender.co (putchar)
contiki-z1.a(tmp102.o)        unicast-sender.co (tmp102_init)
contiki-z1.a(i2cmaster.o)     contiki-z1.a(tmp102.o) (i2c_receiveinit)
contiki-z1.a(adxl345.o)       obj_z1/contiki-z1-main.o (accm_init)
contiki-z1.a(clock.o)         contiki-z1.a(timer.o) (clock_time)
contiki-z1.a(leds-arch.o)     contiki-z1.a(leds.o) (leds_arch_init)
contiki-z1.a(rtimer-arch.o)   contiki-z1.a(rtimer.o) (rtimer_arch_init)
contiki-z1.a(mac.o)           contiki-z1.a(csma.o) (mac_call_sent_callback)
contiki-z1.a(framer-802154.o)
                              contiki-z1.a(contikimac.o) (framer_802154)
contiki-z1.a(rpl.o)           contiki-z1.a(uip-ds6-nbr.o) (rpl_link_neighbor_callback)
contiki-z1.a(rpl-dag.o)       contiki-z1.a(rpl.o) (rpl_dag_init)
contiki-z1.a(rpl-icmp6.o)     contiki-z1.a(rpl.o) (dao_output_target)
contiki-z1.a(rpl-timers.o)    contiki-z1.a(rpl.o) (rpl_reset_periodic_timer)
contiki-z1.a(rpl-mrhof.o)     contiki-z1.a(rpl-dag.o) (rpl_mrhof)
contiki-z1.a(rpl-ext-header.)
                              contiki-z1.a(uip6.o) (rpl_verify_header)
contiki-z1.a(stimer.o)        contiki-z1.a(tcpip.o) (stimer_set)
contiki-z1.a(uip-icmp6.o)     contiki-z1.a(uip6.o) (uip_icmp6_echo_request_input)
contiki-z1.a(frame802154.o)   contiki-z1.a(framer-802154.o) (frame802154_hdrlen)
/usr/lib/gcc/msp430/4.5.3/mcpu-430x/mmpy-16/libgcc.a(_mulsi3.o)
                              contiki-z1.a(csma.o) (__mulsi3)
/usr/lib/gcc/msp430/4.5.3/mcpu-430x/mmpy-16/libgcc.a(_udivmodhi4.o)
                              unicast-sender.co (__udivmodhi4)
/usr/lib/gcc/msp430/4.5.3/mcpu-430x/mmpy-16/libgcc.a(_divmodhi4.o)
                              contiki-z1.a(nbr-table.o) (__divmodhi4)
/usr/lib/gcc/msp430/4.5.3/mcpu-430x/mmpy-16/libgcc.a(_udivmodsi4.o)
                              obj_z1/contiki-z1-main.o (__udivmodsi4)
/usr/lib/gcc/msp430/4.5.3/../../../../msp430/lib/mcpu-430x/mmpy-16/libc.a(strncmp.o)
                              contiki-z1.a(sensors.o) (strncmp)
/usr/lib/gcc/msp430/4.5.3/../../../../msp430/lib/mcpu-430x/mmpy-16/libc.a(memcmp.o)
                              contiki-z1.a(rimeaddr.o) (memcmp)
/usr/lib/gcc/msp430/4.5.3/../../../../msp430/lib/mcpu-430x/mmpy-16/libc.a(memcpy.o)
                              obj_z1/contiki-z1-main.o (memcpy)
/usr/lib/gcc/msp430/4.5.3/../../../../msp430/lib/mcpu-430x/mmpy-16/libc.a(memmove.o)
                              contiki-z1.a(sicslowpan.o) (memmove)
/usr/lib/gcc/msp430/4.5.3/../../../../msp430/lib/mcpu-430x/mmpy-16/libc.a(memset.o)
                              obj_z1/contiki-z1-main.o (memset)
/usr/lib/gcc/msp430/4.5.3/../../../../msp430/lib/mcpu-430x/mmpy-16/libc.a(printf.o)
                              unicast-sender.co (printf)
/usr/lib/gcc/msp430/4.5.3/../../../../msp430/lib/mcpu-430x/mmpy-16/libc.a(sprintf.o)
                              unicast-sender.co (sprintf)
/usr/lib/gcc/msp430/4.5.3/../../../../msp430/lib/mcpu-430x/mmpy-16/libc.a(vuprintf.o)
                              /usr/lib/gcc/msp430/4.5.3/../../../../msp430/lib/mcpu-430x/mmpy-16/libc.a(printf.o) (vuprintf)
/usr/lib/gcc/msp430/4.5.3/../../../../msp430/lib/mcpu-430x/mmpy-16/libc.a(puts.o)
                              obj_z1/contiki-z1-main.o (puts)
/usr/lib/gcc/msp430/4.5.3/../../../../msp430/lib/mcpu-430x/mmpy-16/libc.a(rand.o)
                              contiki-z1.a(random.o) (rand)
/usr/lib/gcc/msp430/4.5.3/mcpu-430x/mmpy-16/libcrt0.a(_reset_vector__.o)
                              /usr/lib/gcc/msp430/4.5.3/mcpu-430x/mmpy-16/crt0ivtbl32.o (_reset_vector__)
/usr/lib/gcc/msp430/4.5.3/mcpu-430x/mmpy-16/libcrt0.a(__init_stack.o)
                              /usr/lib/gcc/msp430/4.5.3/mcpu-430x/mmpy-16/libcrt0.a(_reset_vector__.o) (__init_stack)
/usr/lib/gcc/msp430/4.5.3/mcpu-430x/mmpy-16/libcrt0.a(__low_level_init.o)
                              /usr/lib/gcc/msp430/4.5.3/mcpu-430x/mmpy-16/libcrt0.a(_reset_vector__.o) (__low_level_init)
/usr/lib/gcc/msp430/4.5.3/mcpu-430x/mmpy-16/libcrt0.a(_copy_data.o)
                              /usr/lib/gcc/msp430/4.5.3/mcpu-430x/mmpy-16/libcrt0.a(_reset_vector__.o) (__do_copy_data)
/usr/lib/gcc/msp430/4.5.3/mcpu-430x/mmpy-16/libcrt0.a(_clear_bss.o)
                              /usr/lib/gcc/msp430/4.5.3/mcpu-430x/mmpy-16/libcrt0.a(_reset_vector__.o) (__do_clear_bss)
/usr/lib/gcc/msp430/4.5.3/mcpu-430x/mmpy-16/libcrt0.a(__stop_progExec__.o)
                              /usr/lib/gcc/msp430/4.5.3/mcpu-430x/mmpy-16/libcrt0.a(_reset_vector__.o) (__stop_progExec__)
/usr/lib/gcc/msp430/4.5.3/mcpu-430x/mmpy-16/libcrt0.a(_endless_loop__.o)
                              /usr/lib/gcc/msp430/4.5.3/mcpu-430x/mmpy-16/libcrt0.a(_reset_vector__.o) (_endless_loop__)
/usr/lib/gcc/msp430/4.5.3/mcpu-430x/mmpy-16/libcrt0.a(_unexpected_.o)
                              /usr/lib/gcc/msp430/4.5.3/mcpu-430x/mmpy-16/crt0ivtbl32.o (_unexpected_)

Allocating common symbols
Common symbol       size              file

energest_total_time
                    0x30              contiki-z1.a(energest.o)
uip_ds6_timer_ra    0x8               contiki-z1.a(uip-ds6.o)
cc2420_last_rssi    0x1               contiki-z1.a(cc2420.o)
accm_int2_cb        0x2               contiki-z1.a(adxl345.o)
uip_ds6_if          0xec              contiki-z1.a(uip-ds6.o)
cc2420_packets_read
                    0x2               contiki-z1.a(cc2420.o)
uip_ds6_netif_addr_list_offset
                    0x1               contiki-z1.a(uip-ds6.o)
uip_len             0x2               contiki-z1.a(uip6.o)
cc2420_packets_seen
                    0x2               contiki-z1.a(cc2420.o)
energest_total_count
                    0x2               contiki-z1.a(energest.o)
cc2420_sfd_start_time
                    0x2               contiki-z1.a(cc2420.o)
cc2420_time_of_departure
                    0x2               contiki-z1.a(cc2420.o)
cc2420_time_of_arrival
                    0x2               contiki-z1.a(cc2420.o)
uip_ds6_addr_size   0x1               contiki-z1.a(uip-ds6.o)
uip_sappdata        0x2               contiki-z1.a(uip6.o)
energest_current_mode
                    0xc               contiki-z1.a(energest.o)
packetbuf_addrs     0x20              contiki-z1.a(packetbuf.o)
uip_acc32           0x4               contiki-z1.a(uip6.o)
uip_ds6_prefix_list
                    0x5a              contiki-z1.a(uip-ds6.o)
rimeaddr_node_addr  0x8               contiki-z1.a(rimeaddr.o)
process_maxevents   0x1               contiki-z1.a(process.o)
frag_sender         0x8               contiki-z1.a(sicslowpan.o)
transmit_data1      0x1               contiki-z1.a(i2cmaster.o)
uip_lladdr          0x8               contiki-z1.a(uip6.o)
rx_byte_ctr         0x1               contiki-z1.a(i2cmaster.o)
uip_aligned_buf     0x8c              contiki-z1.a(uip6.o)
uip_flags           0x1               contiki-z1.a(uip6.o)
int2_event          0x1               contiki-z1.a(adxl345.o)
uip_ds6_timer_periodic
                    0xc               contiki-z1.a(uip-ds6.o)
tx_buf_ptr          0x2               contiki-z1.a(i2cmaster.o)
tx_byte_ctr         0x1               contiki-z1.a(i2cmaster.o)
uip_next_hdr        0x2               contiki-z1.a(uip6.o)
cc2420_last_correlation
                    0x1               contiki-z1.a(cc2420.o)
default_instance    0x2               contiki-z1.a(rpl-dag.o)
accm_int1_cb        0x2               contiki-z1.a(adxl345.o)
cc2420_authority_level_of_sender
                    0x2               contiki-z1.a(cc2420.o)
uip_udp_conn        0x2               contiki-z1.a(uip6.o)
i                   0x2               contiki-z1.a(i2cmaster.o)
packetbuf_attrs     0x30              contiki-z1.a(packetbuf.o)
receive_data        0x1               contiki-z1.a(i2cmaster.o)
cc2420_sfd_counter  0x1               contiki-z1.a(cc2420.o)
instance_table      0xbc              contiki-z1.a(rpl-dag.o)
uip_appdata         0x2               contiki-z1.a(uip6.o)
uip_conn            0x2               contiki-z1.a(uip6.o)
tcpip_event         0x1               contiki-z1.a(tcpip.o)
uip_conns           0xb0              contiki-z1.a(uip6.o)
rx_buf              0x2               contiki-z1.a(i2cmaster.o)
node_mac            0x8               contiki-z1.a(node-id.o)
uip_listenports     0x10              contiki-z1.a(uip6.o)
transmit_data2      0x1               contiki-z1.a(i2cmaster.o)
energest_current_time
                    0x18              contiki-z1.a(energest.o)
rx_buf_ptr          0x2               contiki-z1.a(i2cmaster.o)
sensors_flags       0x2               obj_z1/contiki-z1-main.o
int1_event          0x1               contiki-z1.a(adxl345.o)
cc2420_sfd_end_time
                    0x2               contiki-z1.a(cc2420.o)
sensors_event       0x1               contiki-z1.a(sensors.o)
uip_slen            0x2               contiki-z1.a(uip6.o)
uip_udp_conns       0x138             contiki-z1.a(uip6.o)

Memory Configuration

Name             Origin             Length             Attributes
sfr              0x00000000         0x00000010
peripheral_8bit  0x00000010         0x000000f0
peripheral_16bit 0x00000100         0x00000100
infomem          0x00001000         0x00000100
infod            0x00001000         0x00000040
infoc            0x00001040         0x00000040
infob            0x00001080         0x00000040
infoa            0x000010c0         0x00000040
ram              0x00001100         0x00002000         xw
rom              0x00003100         0x0000cebe         xr
vectors          0x0000ffc0         0x00000040
far_rom          0x00010000         0x0000a000
bsl              0x00000000         0x00000000
*default*        0x00000000         0xffffffff

Linker script and memory map

LOAD /usr/lib/gcc/msp430/4.5.3/mcpu-430x/mmpy-16/crt0ivtbl32.o
                0x00000041                __P1SEL2 = 0x41
                0x00000045                __P5SEL2 = 0x45
LOAD unicast-sender.co
LOAD obj_z1/contiki-z1-main.o
LOAD contiki-z1.a
LOAD /usr/lib/gcc/msp430/4.5.3/mcpu-430x/mmpy-16/libgcc.a
LOAD /usr/lib/gcc/msp430/4.5.3/../../../../msp430/lib/mcpu-430x/mmpy-16/libc.a
LOAD /usr/lib/gcc/msp430/4.5.3/mcpu-430x/mmpy-16/libgcc.a
LOAD /usr/lib/gcc/msp430/4.5.3/mcpu-430x/mmpy-16/libcrt0.a
                0x00000000                __IE1 = 0x0
                0x00000002                __IFG1 = 0x2
                0x00000001                __IE2 = 0x1
                0x00000003                __IFG2 = 0x3
                0x00000006                __UC1IE = 0x6
                0x00000007                __UC1IFG = 0x7
                0x000001a0                __ADC12CTL0 = 0x1a0
                0x000001a2                __ADC12CTL1 = 0x1a2
                0x000001a4                __ADC12IFG = 0x1a4
                0x000001a6                __ADC12IE = 0x1a6
                0x000001a8                __ADC12IV = 0x1a8
                0x00000140                __ADC12MEM0 = 0x140
                0x00000142                __ADC12MEM1 = 0x142
                0x00000144                __ADC12MEM2 = 0x144
                0x00000146                __ADC12MEM3 = 0x146
                0x00000148                __ADC12MEM4 = 0x148
                0x0000014a                __ADC12MEM5 = 0x14a
                0x0000014c                __ADC12MEM6 = 0x14c
                0x0000014e                __ADC12MEM7 = 0x14e
                0x00000150                __ADC12MEM8 = 0x150
                0x00000152                __ADC12MEM9 = 0x152
                0x00000154                __ADC12MEM10 = 0x154
                0x00000156                __ADC12MEM11 = 0x156
                0x00000158                __ADC12MEM12 = 0x158
                0x0000015a                __ADC12MEM13 = 0x15a
                0x0000015c                __ADC12MEM14 = 0x15c
                0x0000015e                __ADC12MEM15 = 0x15e
                0x00000080                __ADC12MCTL0 = 0x80
                0x00000081                __ADC12MCTL1 = 0x81
                0x00000082                __ADC12MCTL2 = 0x82
                0x00000083                __ADC12MCTL3 = 0x83
                0x00000084                __ADC12MCTL4 = 0x84
                0x00000085                __ADC12MCTL5 = 0x85
                0x00000086                __ADC12MCTL6 = 0x86
                0x00000087                __ADC12MCTL7 = 0x87
                0x00000088                __ADC12MCTL8 = 0x88
                0x00000089                __ADC12MCTL9 = 0x89
                0x0000008a                __ADC12MCTL10 = 0x8a
                0x0000008b                __ADC12MCTL11 = 0x8b
                0x0000008c                __ADC12MCTL12 = 0x8c
                0x0000008d                __ADC12MCTL13 = 0x8d
                0x0000008e                __ADC12MCTL14 = 0x8e
                0x0000008f                __ADC12MCTL15 = 0x8f
                0x00000056                __DCOCTL = 0x56
                0x00000057                __BCSCTL1 = 0x57
                0x00000058                __BCSCTL2 = 0x58
                0x00000053                __BCSCTL3 = 0x53
                0x00000059                __CACTL1 = 0x59
                0x0000005a                __CACTL2 = 0x5a
                0x0000005b                __CAPD = 0x5b
                0x000001c0                __DAC12_0CTL = 0x1c0
                0x000001c2                __DAC12_1CTL = 0x1c2
                0x000001c8                __DAC12_0DAT = 0x1c8
                0x000001ca                __DAC12_1DAT = 0x1ca
                0x00000122                __DMACTL0 = 0x122
                0x00000124                __DMACTL1 = 0x124
                0x00000126                __DMAIV = 0x126
                0x000001d0                __DMA0CTL = 0x1d0
                0x000001dc                __DMA1CTL = 0x1dc
                0x000001e8                __DMA2CTL = 0x1e8
                0x000001d2                __DMA0SA = 0x1d2
                0x000001d2                __DMA0SAL = 0x1d2
                0x000001d6                __DMA0DA = 0x1d6
                0x000001d6                __DMA0DAL = 0x1d6
                0x000001da                __DMA0SZ = 0x1da
                0x000001de                __DMA1SA = 0x1de
                0x000001de                __DMA1SAL = 0x1de
                0x000001e2                __DMA1DA = 0x1e2
                0x000001e2                __DMA1DAL = 0x1e2
                0x000001e6                __DMA1SZ = 0x1e6
                0x000001ea                __DMA2SA = 0x1ea
                0x000001ea                __DMA2SAL = 0x1ea
                0x000001ee                __DMA2DA = 0x1ee
                0x000001ee                __DMA2DAL = 0x1ee
                0x000001f2                __DMA2SZ = 0x1f2
                0x00000128                __FCTL1 = 0x128
                0x0000012a                __FCTL2 = 0x12a
                0x0000012c                __FCTL3 = 0x12c
                0x000001be                __FCTL4 = 0x1be
                0x00000130                __MPY = 0x130
                0x00000132                __MPYS = 0x132
                0x00000134                __MAC = 0x134
                0x00000136                __MACS = 0x136
                0x00000138                __OP2 = 0x138
                0x0000013a                __RESLO = 0x13a
                0x0000013c                __RESHI = 0x13c
                0x0000013e                __SUMEXT = 0x13e
                0x00000020                __P1IN = 0x20
                0x00000021                __P1OUT = 0x21
                0x00000022                __P1DIR = 0x22
                0x00000023                __P1IFG = 0x23
                0x00000024                __P1IES = 0x24
                0x00000025                __P1IE = 0x25
                0x00000026                __P1SEL = 0x26
                0x00000027                __P1REN = 0x27
                0x00000028                __P2IN = 0x28
                0x00000029                __P2OUT = 0x29
                0x0000002a                __P2DIR = 0x2a
                0x0000002b                __P2IFG = 0x2b
                0x0000002c                __P2IES = 0x2c
                0x0000002d                __P2IE = 0x2d
                0x0000002e                __P2SEL = 0x2e
                0x0000002f                __P2REN = 0x2f
                0x00000018                __P3IN = 0x18
                0x00000019                __P3OUT = 0x19
                0x0000001a                __P3DIR = 0x1a
                0x0000001b                __P3SEL = 0x1b
                0x00000010                __P3REN = 0x10
                0x0000001c                __P4IN = 0x1c
                0x0000001d                __P4OUT = 0x1d
                0x0000001e                __P4DIR = 0x1e
                0x0000001f                __P4SEL = 0x1f
                0x00000011                __P4REN = 0x11
                0x00000030                __P5IN = 0x30
                0x00000031                __P5OUT = 0x31
                0x00000032                __P5DIR = 0x32
                0x00000033                __P5SEL = 0x33
                0x00000012                __P5REN = 0x12
                0x00000034                __P6IN = 0x34
                0x00000035                __P6OUT = 0x35
                0x00000036                __P6DIR = 0x36
                0x00000037                __P6SEL = 0x37
                0x00000013                __P6REN = 0x13
                0x00000038                __P7IN = 0x38
                0x0000003a                __P7OUT = 0x3a
                0x0000003c                __P7DIR = 0x3c
                0x0000003e                __P7SEL = 0x3e
                0x00000014                __P7REN = 0x14
                0x00000039                __P8IN = 0x39
                0x0000003b                __P8OUT = 0x3b
                0x0000003d                __P8DIR = 0x3d
                0x0000003f                __P8SEL = 0x3f
                0x00000015                __P8REN = 0x15
                0x00000038                __PAIN = 0x38
                0x0000003a                __PAOUT = 0x3a
                0x0000003c                __PADIR = 0x3c
                0x0000003e                __PASEL = 0x3e
                0x00000014                __PAREN = 0x14
                0x00000055                __SVSCTL = 0x55
                0x0000012e                __TAIV = 0x12e
                0x00000160                __TACTL = 0x160
                0x00000162                __TACCTL0 = 0x162
                0x00000164                __TACCTL1 = 0x164
                0x00000166                __TACCTL2 = 0x166
                0x00000170                __TAR = 0x170
                0x00000172                __TACCR0 = 0x172
                0x00000174                __TACCR1 = 0x174
                0x00000176                __TACCR2 = 0x176
                0x0000011e                __TBIV = 0x11e
                0x00000180                __TBCTL = 0x180
                0x00000182                __TBCCTL0 = 0x182
                0x00000184                __TBCCTL1 = 0x184
                0x00000186                __TBCCTL2 = 0x186
                0x00000188                __TBCCTL3 = 0x188
                0x0000018a                __TBCCTL4 = 0x18a
                0x0000018c                __TBCCTL5 = 0x18c
                0x0000018e                __TBCCTL6 = 0x18e
                0x00000190                __TBR = 0x190
                0x00000192                __TBCCR0 = 0x192
                0x00000194                __TBCCR1 = 0x194
                0x00000196                __TBCCR2 = 0x196
                0x00000198                __TBCCR3 = 0x198
                0x0000019a                __TBCCR4 = 0x19a
                0x0000019c                __TBCCR5 = 0x19c
                0x0000019e                __TBCCR6 = 0x19e
                0x00000060                __UCA0CTL0 = 0x60
                0x00000061                __UCA0CTL1 = 0x61
                0x00000062                __UCA0BR0 = 0x62
                0x00000063                __UCA0BR1 = 0x63
                0x00000064                __UCA0MCTL = 0x64
                0x00000065                __UCA0STAT = 0x65
                0x00000066                __UCA0RXBUF = 0x66
                0x00000067                __UCA0TXBUF = 0x67
                0x0000005d                __UCA0ABCTL = 0x5d
                0x0000005e                __UCA0IRTCTL = 0x5e
                0x0000005f                __UCA0IRRCTL = 0x5f
                0x00000068                __UCB0CTL0 = 0x68
                0x00000069                __UCB0CTL1 = 0x69
                0x0000006a                __UCB0BR0 = 0x6a
                0x0000006b                __UCB0BR1 = 0x6b
                0x0000006c                __UCB0I2CIE = 0x6c
                0x0000006d                __UCB0STAT = 0x6d
                0x0000006e                __UCB0RXBUF = 0x6e
                0x0000006f                __UCB0TXBUF = 0x6f
                0x00000118                __UCB0I2COA = 0x118
                0x0000011a                __UCB0I2CSA = 0x11a
                0x000000d0                __UCA1CTL0 = 0xd0
                0x000000d1                __UCA1CTL1 = 0xd1
                0x000000d2                __UCA1BR0 = 0xd2
                0x000000d3                __UCA1BR1 = 0xd3
                0x000000d4                __UCA1MCTL = 0xd4
                0x000000d5                __UCA1STAT = 0xd5
                0x000000d6                __UCA1RXBUF = 0xd6
                0x000000d7                __UCA1TXBUF = 0xd7
                0x000000cd                __UCA1ABCTL = 0xcd
                0x000000ce                __UCA1IRTCTL = 0xce
                0x000000cf                __UCA1IRRCTL = 0xcf
                0x000000d8                __UCB1CTL0 = 0xd8
                0x000000d9                __UCB1CTL1 = 0xd9
                0x000000da                __UCB1BR0 = 0xda
                0x000000db                __UCB1BR1 = 0xdb
                0x000000dc                __UCB1I2CIE = 0xdc
                0x000000dd                __UCB1STAT = 0xdd
                0x000000de                __UCB1RXBUF = 0xde
                0x000000df                __UCB1TXBUF = 0xdf
                0x0000017c                __UCB1I2COA = 0x17c
                0x0000017e                __UCB1I2CSA = 0x17e
                0x00000120                __WDTCTL = 0x120
                0x000010c0                __TLV_CHECKSUM = 0x10c0
                0x000010f6                __TLV_DCO_30_TAG = 0x10f6
                0x000010f7                __TLV_DCO_30_LEN = 0x10f7
                0x000010da                __TLV_ADC12_1_TAG = 0x10da
                0x000010db                __TLV_ADC12_1_LEN = 0x10db
                0x000010f8                __CALDCO_16MHZ = 0x10f8
                0x000010f9                __CALBC1_16MHZ = 0x10f9
                0x000010fa                __CALDCO_12MHZ = 0x10fa
                0x000010fb                __CALBC1_12MHZ = 0x10fb
                0x000010fc                __CALDCO_8MHZ = 0x10fc
                0x000010fd                __CALBC1_8MHZ = 0x10fd
                0x000010fe                __CALDCO_1MHZ = 0x10fe
                0x000010ff                __CALBC1_1MHZ = 0x10ff

.hash
 *(.hash)

.dynsym
 *(.dynsym)

.dynstr
 *(.dynstr)

.gnu.version
 *(.gnu.version)

.gnu.version_d
 *(.gnu.version_d)

.gnu.version_r
 *(.gnu.version_r)

.rel.init
 *(.rel.init)

.rela.init
 *(.rela.init)

.rel.text
 *(.rel.text)
 *(.rel.text.*)
 *(.rel.gnu.linkonce.t*)

.rela.text
 *(.rela.text)
 *(.rela.text.*)
 *(.rela.gnu.linkonce.t*)

.rel.fini
 *(.rel.fini)

.rela.fini
 *(.rela.fini)

.rel.rodata
 *(.rel.rodata)
 *(.rel.rodata.*)
 *(.rel.gnu.linkonce.r*)

.rela.rodata
 *(.rela.rodata)
 *(.rela.rodata.*)
 *(.rela.gnu.linkonce.r*)

.rel.data
 *(.rel.data)
 *(.rel.data.*)
 *(.rel.gnu.linkonce.d*)

.rela.data
 *(.rela.data)
 *(.rela.data.*)
 *(.rela.gnu.linkonce.d*)

.rel.ctors
 *(.rel.ctors)

.rela.ctors
 *(.rela.ctors)

.rel.dtors
 *(.rel.dtors)

.rela.dtors
 *(.rela.dtors)

.rel.got
 *(.rel.got)

.rela.got
 *(.rela.got)

.rel.bss
 *(.rel.bss)

.rela.bss
 *(.rela.bss)

.rel.plt
 *(.rel.plt)

.rela.plt
 *(.rela.plt)

.text           0x00003100     0xc260
                0x00003100                . = ALIGN (0x2)
 *(.init)
 *(.init0)
 .init0         0x00003100        0x0 /usr/lib/gcc/msp430/4.5.3/mcpu-430x/mmpy-16/libcrt0.a(_reset_vector__.o)
                0x00003100                _reset_vector__
 *(.init1)
 *(.init2)
 .init2         0x00003100        0x4 /usr/lib/gcc/msp430/4.5.3/mcpu-430x/mmpy-16/libcrt0.a(__init_stack.o)
                0x00003100                __init_stack
 *(.init3)
 .init3         0x00003104        0xa /usr/lib/gcc/msp430/4.5.3/mcpu-430x/mmpy-16/libcrt0.a(__low_level_init.o)
                0x00003104                __low_level_init
 *(.init4)
 .init4         0x0000310e       0x16 /usr/lib/gcc/msp430/4.5.3/mcpu-430x/mmpy-16/libcrt0.a(_copy_data.o)
                0x0000310e                __do_copy_data
 .init4         0x00003124       0x14 /usr/lib/gcc/msp430/4.5.3/mcpu-430x/mmpy-16/libcrt0.a(_clear_bss.o)
                0x00003124                __do_clear_bss
 *(.init5)
 *(.init6)
 *(.init7)
 *(.init8)
 *(.init9)
 .init9         0x00003138      0x36e obj_z1/contiki-z1-main.o
                0x00003138                main
 *(.fini9)
 .fini9         0x000034a6        0x0 /usr/lib/gcc/msp430/4.5.3/mcpu-430x/mmpy-16/libcrt0.a(__stop_progExec__.o)
                0x000034a6                __stop_progExec__
 *(.fini8)
 *(.fini7)
 *(.fini6)
 *(.fini5)
 *(.fini4)
 *(.fini3)
 *(.fini2)
 *(.fini1)
 *(.fini0)
 .fini0         0x000034a6        0x6 /usr/lib/gcc/msp430/4.5.3/mcpu-430x/mmpy-16/libcrt0.a(_endless_loop__.o)
                0x000034a6                _endless_loop__
 *(.fini)
                0x000034ac                . = ALIGN (0x2)
                0x000034ac                __ctors_start = .
 *(.ctors)
                0x000034ac                __ctors_end = .
                0x000034ac                __dtors_start = .
 *(.dtors)
                0x000034ac                __dtors_end = .
                0x000034ac                . = ALIGN (0x2)
 *(.text)
 .text          0x000034ac        0x4 /usr/lib/gcc/msp430/4.5.3/mcpu-430x/mmpy-16/crt0ivtbl32.o
                0x000034ac                __isr_14
                0x000034ac                __isr_4
                0x000034ac                __isr_29
                0x000034ac                __isr_11
                0x000034ac                __isr_5
                0x000034ac                __isr_2
                0x000034ac                __isr_10
                0x000034ac                __isr_7
                0x000034ac                __isr_0
                0x000034ac                __isr_28
                0x000034ac                __isr_8
                0x000034ac                __isr_20
                0x000034ac                __isr_3
                0x000034ac                __isr_12
                0x000034ac                __isr_13
                0x000034ac                __isr_27
                0x000034ac                __isr_9
                0x000034ac                __isr_30
                0x000034ac                __isr_6
                0x000034ac                __isr_22
                0x000034ac                __isr_1
                0x000034ac                __isr_15
                0x000034ac                __isr_21
 .text          0x000034b0      0x312 unicast-sender.co
                0x000037be                autostart_processes
 .text          0x000037c2      0x112 obj_z1/contiki-z1-main.o
                0x000037c2                uip_log
 .text          0x000038d4       0x2e contiki-z1.a(rimeaddr.o)
                0x000038d4                rimeaddr_copy
                0x000038dc                rimeaddr_cmp
                0x000038ee                rimeaddr_set_node_addr
                0x000038fa                rimeaddr_null
 .text          0x00003902      0x394 contiki-z1.a(csma.o)
                0x00003c88                csma_driver
 .text          0x00003c96      0x730 contiki-z1.a(contikimac.o)
                0x000043a6                contikimac_debug_print
                0x000043b6                contikimac_driver
 .text          0x000043c6      0x1fa contiki-z1.a(phase.o)
                0x0000440a                phase_update
                0x0000449a                phase_wait
                0x000045ac                phase_init
 .text          0x000045c0      0x2ac contiki-z1.a(process.o)
                0x000046d0                process_alloc_event
                0x000046de                process_exit
                0x000046e8                process_init
                0x00004704                process_run
                0x000047a0                process_nevents
                0x000047ac                process_post
                0x00004800                process_post_synch
                0x00004812                process_start
                0x00004844                process_poll
                0x0000485e                process_is_running
 .text          0x0000486c       0x2e contiki-z1.a(autostart.o)
                0x0000486c                autostart_start
                0x00004884                autostart_exit
 .text          0x0000489a       0xdc contiki-z1.a(memb.o)
                0x0000489a                memb_init
                0x000048d0                memb_alloc
                0x0000490e                memb_free
                0x00004948                memb_inmemb
 .text          0x00004976       0x94 contiki-z1.a(timer.o)
                0x00004976                timer_set
                0x00004992                timer_reset
                0x000049a0                timer_restart
                0x000049b4                timer_expired
                0x000049e2                timer_remaining
 .text          0x00004a0a       0xfc contiki-z1.a(list.o)
                0x00004a0a                list_init
                0x00004a10                list_head
                0x00004a14                list_copy
                0x00004a1a                list_tail
                0x00004a2e                list_chop
                0x00004a58                list_pop
                0x00004a66                list_remove
                0x00004a94                list_push
                0x00004aae                list_add
                0x00004ad8                list_length
                0x00004ae8                list_insert
                0x00004afe                list_item_next
 .text          0x00004b06      0x276 contiki-z1.a(etimer.o)
                0x00004b7e                etimer_request_poll
                0x00004c96                etimer_set
                0x00004ca8                etimer_reset
                0x00004cba                etimer_restart
                0x00004ccc                etimer_adjust
                0x00004ce6                etimer_expired
                0x00004cf4                etimer_expiration_time
                0x00004d08                etimer_start_time
                0x00004d10                etimer_pending
                0x00004d1e                etimer_next_expiration_time
                0x00004d34                etimer_stop
 .text          0x00004d7c      0x1f4 contiki-z1.a(ctimer.o)
                0x00004e20                ctimer_init
                0x00004e38                ctimer_set
                0x00004e92                ctimer_reset
                0x00004ecc                ctimer_restart
                0x00004f06                ctimer_stop
                0x00004f2e                ctimer_expired
 .text          0x00004f70       0xcc contiki-z1.a(energest.o)
                0x00004f70                energest_init
                0x00004f9a                energest_type_time
                0x00004fde                energest_leveldevice_leveltime
                0x00004fe4                energest_type_set
                0x00004ff2                energest_flush
 .text          0x0000503c       0x50 contiki-z1.a(rtimer.o)
                0x0000503c                rtimer_init
                0x00005042                rtimer_set
                0x00005066                rtimer_run_next
 .text          0x0000508c        0xc contiki-z1.a(random.o)
                0x0000508c                random_init
                0x00005092                random_rand
 .text          0x00005098      0x490 contiki-z1.a(nbr-table.o)
                0x000052ae                nbr_table_register
                0x000052d4                nbr_table_next
                0x0000530a                nbr_table_head
                0x00005340                nbr_table_add_lladdr
                0x0000547e                nbr_table_get_from_lladdr
                0x000054ca                nbr_table_remove
                0x000054fc                nbr_table_lock
                0x0000550c                nbr_table_unlock
                0x0000551c                nbr_table_get_lladdr
 .text          0x00005528      0x23a contiki-z1.a(packetbuf.o)
                0x00005528                packetbuf_clear_hdr
                0x00005530                packetbuf_copyto_hdr
                0x0000554c                packetbuf_copyto
                0x0000559e                packetbuf_hdr_remove
                0x000055a4                packetbuf_hdrreduce
                0x000055be                packetbuf_set_datalen
                0x000055c4                packetbuf_dataptr
                0x000055ce                packetbuf_hdrptr
                0x000055d8                packetbuf_is_reference
                0x000055e6                packetbuf_compact
                0x0000562e                packetbuf_reference_ptr
                0x00005634                packetbuf_datalen
                0x0000563a                packetbuf_hdrlen
                0x00005644                packetbuf_totlen
                0x00005654                packetbuf_hdralloc
                0x00005682                packetbuf_attr_clear
                0x000056b4                packetbuf_clear
                0x000056d4                packetbuf_reference
                0x000056ee                packetbuf_copyfrom
                0x0000571c                packetbuf_attr_copyto
                0x0000573e                packetbuf_attr_copyfrom
 .text          0x00005762      0x1c2 contiki-z1.a(queuebuf.o)
                0x00005762                queuebuf_init
                0x0000577c                queuebuf_new_from_packetbuf
                0x000057fc                queuebuf_update_attr_from_packetbuf
                0x0000580e                queuebuf_free
                0x00005854                queuebuf_to_packetbuf
                0x000058c4                queuebuf_dataptr
                0x000058f8                queuebuf_datalen
                0x000058fe                queuebuf_addr
                0x00005914                queuebuf_attr
                0x00005922                queuebuf_debug_print
 .text          0x00005924      0xfc4 contiki-z1.a(sicslowpan.o)
                0x00006124                sicslowpan_init
                0x000068b8                rime_sniffer_add
                0x000068be                rime_sniffer_remove
                0x000068c4                unc_llconf
                0x000068c8                unc_ctxconf
                0x000068cc                unc_mxconf
                0x000068d0                llprefix
                0x000068de                sicslowpan_driver
 .text          0x000068e8      0x20a contiki-z1.a(simple-udp.o)
                0x000069a0                simple_udp_send
                0x000069d4                simple_udp_sendto
                0x00006a0a                simple_udp_sendto_port
                0x00006a3a                simple_udp_register
 .text          0x00006af2      0x53a contiki-z1.a(tcpip.o)
                0x00006b08                tcpip_output
                0x00006b18                tcpip_set_outputfunc
                0x00006b1e                tcp_unlisten
                0x00006b58                tcp_listen
                0x00006b94                tcp_attach
                0x00006ba0                udp_attach
                0x00006bac                udp_new
                0x00006bc6                udp_broadcast_new
                0x00006c0c                tcpip_input
                0x00006c22                tcpip_ipv6_output
                0x00006f60                tcpip_poll_udp
                0x00006f6e                tcpip_poll_tcp
                0x00006f7c                tcp_connect
                0x00006fa2                tcpip_uipcall
 .text          0x0000702c       0xd2 contiki-z1.a(uip-debug.o)
                0x00007042                uip_debug_ipaddr_print
                0x000070ca                uip_debug_lladdr_print
 .text          0x000070fe      0x444 contiki-z1.a(uip-ds6-route.o)
                0x00007152                uip_ds6_notification_add
                0x0000716a                uip_ds6_notification_rm
                0x00007176                uip_ds6_route_init
                0x000071a4                uip_ds6_route_nexthop
                0x000071ba                uip_ds6_route_head
                0x000071e0                uip_ds6_route_next
                0x0000721a                uip_ds6_route_num_routes
                0x00007220                uip_ds6_route_lookup
                0x0000727a                uip_ds6_route_add
                0x00007334                uip_ds6_route_rm
                0x000073ca                uip_ds6_route_rm_by_nexthop
                0x000073de                uip_ds6_defrt_rm
                0x00007426                uip_ds6_defrt_lookup
                0x0000745c                uip_ds6_defrt_add
                0x000074d0                uip_ds6_defrt_choose
                0x0000750a                uip_ds6_defrt_periodic
 .text          0x00007542      0x2b8 contiki-z1.a(uip-ds6-nbr.o)
                0x00007542                uip_ds6_nbr_rm
                0x0000755c                uip_ds6_neighbors_init
                0x0000756a                uip_ds6_nbr_add
                0x000075ca                uip_ds6_nbr_get_ipaddr
                0x000075cc                uip_ds6_nbr_get_ll
                0x000075d8                uip_ds6_nbr_num
                0x000075fc                uip_ds6_nbr_lookup
                0x0000763c                uip_ds6_nbr_ll_lookup
                0x00007648                uip_ds6_nbr_ipaddr_from_lladdr
                0x0000764e                uip_ds6_nbr_lladdr_from_ipaddr
                0x0000765e                uip_ds6_link_neighbor_callback
                0x00007688                uip_ds6_neighbor_periodic
                0x0000779c                uip_ds6_get_least_lifetime_neighbor
 .text          0x000077fa      0x736 contiki-z1.a(uip-ds6.o)
                0x000077fa                uip_ds6_list_loop
                0x0000787c                uip_ds6_prefix_add
                0x000078fc                uip_ds6_prefix_rm
                0x00007906                uip_ds6_prefix_lookup
                0x0000792e                uip_ds6_is_addr_onlink
                0x0000797e                uip_ds6_addr_lookup
                0x000079a8                uip_ds6_get_link_local
                0x000079e6                uip_ds6_get_global
                0x00007a24                uip_ds6_maddr_add
                0x00007a70                uip_ds6_addr_add
                0x00007b3a                uip_ds6_maddr_rm
                0x00007b44                uip_ds6_maddr_lookup
                0x00007b6e                uip_ds6_addr_rm
                0x00007bc2                uip_ds6_periodic
                0x00007c0c                uip_ds6_aaddr_add
                0x00007c56                uip_ds6_aaddr_rm
                0x00007c60                uip_ds6_aaddr_lookup
                0x00007c88                uip_ds6_set_addr_iid
                0x00007c9c                get_match_length
                0x00007ce2                uip_ds6_select_src
                0x00007d8c                uip_ds6_compute_reachable_time
                0x00007dd6                uip_ds6_init
 .text          0x00007f30      0x586 contiki-z1.a(uip-nd6.o)
                0x00007f5c                uip_nd6_ns_input
                0x00008192                uip_nd6_ns_output
                0x000082fe                uip_nd6_na_input
 .text          0x000084b6       0x94 contiki-z1.a(uip-udp-packet.)
                0x000084b6                uip_udp_packet_send
                0x000084e4                uip_udp_packet_sendto
 .text          0x0000854a     0x14f8 contiki-z1.a(uip6.o)
                0x000086b2                uip_add32
                0x00008752                uip_chksum
                0x0000876e                uip_icmp6chksum
                0x00008778                uip_tcpchksum
                0x00008782                uip_udpchksum
                0x0000878c                uip_init
                0x000087f8                uip_connect
                0x00008930                remove_ext_hdr
                0x00008988                uip_udp_new
                0x00008a76                uip_unlisten
                0x00008aa8                uip_listen
                0x00008adc                uip_process
                0x000099ca                uip_htons
                0x000099dc                uip_htonl
                0x00009a1a                uip_send
 .text          0x00009a42      0x472 contiki-z1.a(servreg-hack.o)
                0x00009ac0                servreg_hack_init
                0x00009b72                servreg_hack_register
                0x00009c16                servreg_hack_list_head
                0x00009e68                servreg_hack_item_id
                0x00009e6e                servreg_hack_item_address
                0x00009e74                servreg_hack_lookup
 .text          0x00009eb4        0xc contiki-z1.a(contiki-z1-plat)
                0x00009eb4                init_platform
 .text          0x00009ec0       0xde contiki-z1.a(msp430.o)
                0x00009ec0                msp430_init_dco
                0x00009eea                msp430_quick_synch_dco
                0x00009f70                msp430_cpu_init
                0x00009f96                splhigh_
 .text          0x00009f9e      0x17e contiki-z1.a(leds.o)
                0x0000a0aa                leds_init
                0x0000a0b8                leds_get
                0x0000a0be                leds_on
                0x0000a0d2                leds_off
                0x0000a0e6                leds_invert
                0x0000a0f0                leds_toggle
                0x0000a0f6                leds_blink
 .text          0x0000a11c       0x5c contiki-z1.a(watchdog.o)
                0x0000a11c                __isr_26
                0x0000a11c                watchdog_interrupt
                0x0000a122                watchdog_start
                0x0000a136                watchdog_periodic
                0x0000a148                watchdog_stop
                0x0000a15e                watchdog_init
                0x0000a172                watchdog_reboot
 .text          0x0000a178      0x3b6 contiki-z1.a(xmem.o)
                0x0000a1f0                xmem_init
                0x0000a20e                xmem_pread
                0x0000a2f0                xmem_pwrite
                0x0000a464                xmem_erase
 .text          0x0000a52e       0x38 contiki-z1.a(spi.o)
                0x0000a52e                spi_init
 .text          0x0000a566      0xad2 contiki-z1.a(cc2420.o)
                0x0000a880                cc2420_on
                0x0000a8a2                cc2420_off
                0x0000aace                cc2420_get_channel
                0x0000aad4                cc2420_set_channel
                0x0000ab4e                cc2420_set_pan_addr
                0x0000ac9a                cc2420_init
                0x0000ad6e                cc2420_interrupt
                0x0000ad8e                cc2420_set_txpower
                0x0000ad9c                cc2420_get_txpower
                0x0000af76                cc2420_rssi
                0x0000afda                cc2420_cca_valid
                0x0000b000                cc2420_set_cca_threshold
                0x0000b024                cc2420_driver
 .text          0x0000b038       0x1a contiki-z1.a(cc2420-arch.o)
                0x0000b038                cc2420_arch_init
 .text          0x0000b052       0x96 contiki-z1.a(node-id.o)
                0x0000b052                node_id_restore
                0x0000b09e                node_id_burn
 .text          0x0000b0e8      0x164 contiki-z1.a(sensors.o)
                0x0000b1cc                sensors_first
                0x0000b1d2                sensors_next
                0x0000b1e0                sensors_changed
                0x0000b1f4                sensors_find
 .text          0x0000b24c      0x128 contiki-z1.a(button-sensor.o)
                0x0000b2d2                irq_p2
                0x0000b2d2                __isr_19
                0x0000b36c                button_sensor
 .text          0x0000b374       0xf2 contiki-z1.a(uart0.o)
                0x0000b374                uart0_active
                0x0000b380                uart0_set_input
                0x0000b386                uart0_writeb
                0x0000b39e                uart0_init
                0x0000b3e4                __isr_23
                0x0000b3e4                uart0_rx_interrupt
 .text          0x0000b466        0xe contiki-z1.a(uart0-putchar.o)
                0x0000b466                putchar
 .text          0x0000b474      0x164 contiki-z1.a(tmp102.o)
                0x0000b474                tmp102_init
                0x0000b4a2                tmp102_write_reg
                0x0000b4da                tmp102_read_reg
                0x0000b53a                tmp102_read_temp_raw
                0x0000b542                tmp102_read_temp_x100
                0x0000b5ac                tmp102_read_temp_simple
 .text          0x0000b5d8      0x1a2 contiki-z1.a(i2cmaster.o)
                0x0000b5d8                i2c_receiveinit
                0x0000b60e                i2c_transmitinit
                0x0000b63e                i2c_receive_n
                0x0000b682                i2c_busy
                0x0000b68c                i2c_enable
                0x0000b6b0                i2c_disable
                0x0000b6ca                i2c_transmit_n
                0x0000b6de                __isr_16
                0x0000b6de                i2c_tx_interrupt
                0x0000b762                i2c_rx_interrupt
                0x0000b762                __isr_17
 .text          0x0000b77a      0x350 contiki-z1.a(adxl345.o)
                0x0000b77a                accm_write_reg
                0x0000b7a8                accm_write_stream
                0x0000b7d6                accm_read_reg
                0x0000b882                accm_read_stream
                0x0000b8d8                accm_read_axis
                0x0000b8fe                accm_set_grange
                0x0000b922                accm_init
                0x0000b9b2                accm_set_irq
                0x0000b9de                port1_isr
                0x0000b9de                __isr_18
 .text          0x0000baca      0x1dc contiki-z1.a(clock.o)
                0x0000baca                __isr_24
                0x0000baca                timera1
                0x0000bbb8                clock_time
                0x0000bbd2                clock_set
                0x0000bbe8                clock_fine_max
                0x0000bbee                clock_fine
                0x0000bbf8                clock_init
                0x0000bc20                clock_delay
                0x0000bc2c                clock_wait
                0x0000bc62                clock_set_seconds
                0x0000bc7e                clock_seconds
                0x0000bc98                clock_counter
 .text          0x0000bca6       0x76 contiki-z1.a(leds-arch.o)
                0x0000bca6                leds_arch_init
                0x0000bcb4                leds_arch_get
                0x0000bce2                leds_arch_set
 .text          0x0000bd1c       0x98 contiki-z1.a(rtimer-arch.o)
                0x0000bd1c                rtimer_arch_init
                0x0000bd2a                rtimer_arch_now
                0x0000bd38                __isr_25
                0x0000bd38                timera0
                0x0000bdae                rtimer_arch_schedule
 .text          0x0000bdb4       0x14 contiki-z1.a(mac.o)
                0x0000bdb4                mac_call_sent_callback
 .text          0x0000bdc8      0x1b6 contiki-z1.a(framer-802154.o)
                0x0000bf7a                framer_802154
 .text          0x0000bf7e      0x20c contiki-z1.a(rpl.o)
                0x0000bf7e                rpl_purge_routes
                0x0000c014                rpl_remove_routes
                0x0000c036                rpl_remove_routes_by_nexthop
                0x0000c07c                rpl_add_route
                0x0000c0c2                rpl_link_neighbor_callback
                0x0000c12c                rpl_ipv6_neighbor_callback
                0x0000c14a                rpl_init
 .text          0x0000c18a      0xf0c contiki-z1.a(rpl-dag.o)
                0x0000c2c8                rpl_dag_init
                0x0000c2d6                rpl_get_parent_rank
                0x0000c2ea                rpl_get_parent_link_metric
                0x0000c2fe                rpl_get_parent_ipaddr
                0x0000c30e                rpl_set_prefix
                0x0000c39e                rpl_set_default_route
                0x0000c400                rpl_alloc_instance
                0x0000c42c                rpl_set_default_instance
                0x0000c432                rpl_add_parent
                0x0000c46a                rpl_find_parent
                0x0000c484                rpl_find_parent_any_dag
                0x0000c4aa                rpl_select_parent
                0x0000c506                rpl_select_dag
                0x0000c6ba                rpl_nullify_parent
                0x0000c708                rpl_remove_parent
                0x0000c750                rpl_free_dag
                0x0000c786                rpl_free_instance
                0x0000c7e2                rpl_move_parent
                0x0000c850                rpl_get_any_dag
                0x0000c868                rpl_get_instance
                0x0000c8da                rpl_alloc_dag
                0x0000c944                rpl_set_root
                0x0000ca2c                rpl_repair_root
                0x0000ca78                rpl_find_of
                0x0000ca88                rpl_join_instance
                0x0000cbca                rpl_local_repair
                0x0000cc44                rpl_process_parent_event
                0x0000cccc                rpl_recalculate_ranks
                0x0000cd0e                rpl_add_dag
                0x0000ce24                rpl_process_dio
 .text          0x0000d096      0xa6a contiki-z1.a(rpl-icmp6.o)
                0x0000d136                dis_output
                0x0000d186                dio_output
                0x0000d424                dao_output_target
                0x0000d502                dao_output
                0x0000d57c                dao_ack_output
                0x0000d5b8                uip_rpl_input
 .text          0x0000db00      0x26e contiki-z1.a(rpl-timers.o)
                0x0000dcb8                rpl_reset_periodic_timer
                0x0000dd0e                rpl_reset_dio_timer
                0x0000dd26                rpl_schedule_dao
 .text          0x0000dd6e      0x13c contiki-z1.a(rpl-mrhof.o)
 .text          0x0000deaa      0x2e8 contiki-z1.a(rpl-ext-header.)
                0x0000deaa                rpl_verify_header
                0x0000df58                rpl_update_header_empty
                0x0000e050                rpl_update_header_final
                0x0000e0d4                rpl_remove_header
                0x0000e11e                rpl_invert_header
                0x0000e17a                rpl_insert_header
 .text          0x0000e192       0xba contiki-z1.a(stimer.o)
                0x0000e192                stimer_set
                0x0000e1ae                stimer_reset
                0x0000e1bc                stimer_restart
                0x0000e1d0                stimer_expired
                0x0000e212                stimer_remaining
                0x0000e23a                stimer_elapsed
 .text          0x0000e24c      0x320 contiki-z1.a(uip-icmp6.o)
                0x0000e24c                uip_icmp6_echo_request_input
                0x0000e36e                uip_icmp6_error_output
                0x0000e4d8                uip_icmp6_send
 .text          0x0000e56c      0x3d2 contiki-z1.a(frame802154.o)
                0x0000e604                frame802154_hdrlen
                0x0000e632                frame802154_create
                0x0000e79e                frame802154_parse
 .text          0x0000e93e        0x0 /usr/lib/gcc/msp430/4.5.3/mcpu-430x/mmpy-16/libgcc.a(_mulsi3.o)
 .text          0x0000e93e        0x0 /usr/lib/gcc/msp430/4.5.3/mcpu-430x/mmpy-16/libgcc.a(_udivmodhi4.o)
 .text          0x0000e93e        0x0 /usr/lib/gcc/msp430/4.5.3/mcpu-430x/mmpy-16/libgcc.a(_divmodhi4.o)
 .text          0x0000e93e        0x0 /usr/lib/gcc/msp430/4.5.3/mcpu-430x/mmpy-16/libgcc.a(_udivmodsi4.o)
 .text          0x0000e93e       0x30 /usr/lib/gcc/msp430/4.5.3/../../../../msp430/lib/mcpu-430x/mmpy-16/libc.a(strncmp.o)
                0x0000e93e                strncmp
 .text          0x0000e96e       0x34 /usr/lib/gcc/msp430/4.5.3/../../../../msp430/lib/mcpu-430x/mmpy-16/libc.a(memcmp.o)
                0x0000e96e                memcmp
 .text          0x0000e9a2      0x104 /usr/lib/gcc/msp430/4.5.3/../../../../msp430/lib/mcpu-430x/mmpy-16/libc.a(memcpy.o)
                0x0000e9a2                memcpy
 .text          0x0000eaa6      0x104 /usr/lib/gcc/msp430/4.5.3/../../../../msp430/lib/mcpu-430x/mmpy-16/libc.a(memmove.o)
                0x0000eaa6                memmove
 .text          0x0000ebaa       0x66 /usr/lib/gcc/msp430/4.5.3/../../../../msp430/lib/mcpu-430x/mmpy-16/libc.a(memset.o)
                0x0000ebaa                memset
 .text          0x0000ec10       0x20 /usr/lib/gcc/msp430/4.5.3/../../../../msp430/lib/mcpu-430x/mmpy-16/libc.a(printf.o)
                0x0000ec10                printf
                0x0000ec22                vprintf
 .text          0x0000ec30       0xbc /usr/lib/gcc/msp430/4.5.3/../../../../msp430/lib/mcpu-430x/mmpy-16/libc.a(sprintf.o)
                0x0000ec8e                sprintf
                0x0000ecaa                snprintf
                0x0000ecc4                vsprintf
                0x0000ecda                vsnprintf
 .text          0x0000ecec      0x476 /usr/lib/gcc/msp430/4.5.3/../../../../msp430/lib/mcpu-430x/mmpy-16/libc.a(vuprintf.o)
                0x0000edf8                vuprintf
 .text          0x0000f162       0x2c /usr/lib/gcc/msp430/4.5.3/../../../../msp430/lib/mcpu-430x/mmpy-16/libc.a(puts.o)
                0x0000f162                puts
 .text          0x0000f18e      0x134 /usr/lib/gcc/msp430/4.5.3/../../../../msp430/lib/mcpu-430x/mmpy-16/libc.a(rand.o)
                0x0000f18e                rand_r
                0x0000f222                rand
                0x0000f2b8                srand
 .text          0x0000f2c2        0x0 /usr/lib/gcc/msp430/4.5.3/mcpu-430x/mmpy-16/libcrt0.a(_reset_vector__.o)
 .text          0x0000f2c2        0x0 /usr/lib/gcc/msp430/4.5.3/mcpu-430x/mmpy-16/libcrt0.a(__init_stack.o)
 .text          0x0000f2c2        0x0 /usr/lib/gcc/msp430/4.5.3/mcpu-430x/mmpy-16/libcrt0.a(__low_level_init.o)
 .text          0x0000f2c2        0x0 /usr/lib/gcc/msp430/4.5.3/mcpu-430x/mmpy-16/libcrt0.a(_copy_data.o)
 .text          0x0000f2c2        0x0 /usr/lib/gcc/msp430/4.5.3/mcpu-430x/mmpy-16/libcrt0.a(_clear_bss.o)
 .text          0x0000f2c2        0x0 /usr/lib/gcc/msp430/4.5.3/mcpu-430x/mmpy-16/libcrt0.a(__stop_progExec__.o)
 .text          0x0000f2c2        0x0 /usr/lib/gcc/msp430/4.5.3/mcpu-430x/mmpy-16/libcrt0.a(_endless_loop__.o)
 .text          0x0000f2c2        0x0 /usr/lib/gcc/msp430/4.5.3/mcpu-430x/mmpy-16/libcrt0.a(_unexpected_.o)
                0x0000f2c2                . = ALIGN (0x2)
 *(.text.*)
 .text.crt0     0x0000f2c2        0x0 /usr/lib/gcc/msp430/4.5.3/mcpu-430x/mmpy-16/crt0ivtbl32.o
 .text.libgcc   0x0000f2c2       0x20 /usr/lib/gcc/msp430/4.5.3/mcpu-430x/mmpy-16/libgcc.a(_mulsi3.o)
                0x0000f2c2                __mulsi3
 .text.libgcc   0x0000f2e2       0x1c /usr/lib/gcc/msp430/4.5.3/mcpu-430x/mmpy-16/libgcc.a(_udivmodhi4.o)
                0x0000f2e2                __udivmodhi4
 .text.libgcc   0x0000f2fe       0x36 /usr/lib/gcc/msp430/4.5.3/mcpu-430x/mmpy-16/libgcc.a(_divmodhi4.o)
                0x0000f2fe                __divmodhi4
 .text.libgcc   0x0000f334       0x2a /usr/lib/gcc/msp430/4.5.3/mcpu-430x/mmpy-16/libgcc.a(_udivmodsi4.o)
                0x0000f334                __udivmodsi4
 .text.crt0     0x0000f35e        0x2 /usr/lib/gcc/msp430/4.5.3/mcpu-430x/mmpy-16/libcrt0.a(_unexpected_.o)
                0x0000f35e                _unexpected_

.rodata         0x0000f360        0x0
                0x0000f360                . = ALIGN (0x2)
 *(.rodata .rodata.* .gnu.linkonce.r.*)
                0x0000f360                . = ALIGN (0x2)
                0x0000f360                _etext = .

.data           0x00001100      0x104 load address 0x0000f360
                0x00001100                . = ALIGN (0x2)
                0x00001100                PROVIDE (__data_start, .)
 *(.data)
 .data          0x00001100        0x0 /usr/lib/gcc/msp430/4.5.3/mcpu-430x/mmpy-16/crt0ivtbl32.o
 .data          0x00001100        0xa unicast-sender.co
                0x00001100                unicast_sender_process
 .data          0x0000110a        0x4 obj_z1/contiki-z1-main.o
                0x0000110a                sensors
 .data          0x0000110e        0x0 contiki-z1.a(rimeaddr.o)
 .data          0x0000110e       0x18 contiki-z1.a(csma.o)
 .data          0x00001126        0x0 contiki-z1.a(contikimac.o)
 .data          0x00001126       0x10 contiki-z1.a(phase.o)
 .data          0x00001136        0x0 contiki-z1.a(process.o)
 .data          0x00001136        0x0 contiki-z1.a(autostart.o)
 .data          0x00001136        0x0 contiki-z1.a(memb.o)
 .data          0x00001136        0x0 contiki-z1.a(timer.o)
 .data          0x00001136        0x0 contiki-z1.a(list.o)
 .data          0x00001136        0xa contiki-z1.a(etimer.o)
                0x00001136                etimer_process
 .data          0x00001140        0xa contiki-z1.a(ctimer.o)
                0x00001140                ctimer_process
 .data          0x0000114a        0x0 contiki-z1.a(energest.o)
 .data          0x0000114a        0x0 contiki-z1.a(rtimer.o)
 .data          0x0000114a        0x0 contiki-z1.a(random.o)
 .data          0x0000114a        0x8 contiki-z1.a(nbr-table.o)
 .data          0x00001152        0x0 contiki-z1.a(packetbuf.o)
 .data          0x00001152       0x18 contiki-z1.a(queuebuf.o)
 .data          0x0000116a        0x0 contiki-z1.a(sicslowpan.o)
 .data          0x0000116a        0xa contiki-z1.a(simple-udp.o)
                0x0000116a                simple_udp_process
 .data          0x00001174        0xa contiki-z1.a(tcpip.o)
                0x00001174                tcpip_process
 .data          0x0000117e        0x0 contiki-z1.a(uip-debug.o)
 .data          0x0000117e       0x18 contiki-z1.a(uip-ds6-route.o)
 .data          0x00001196        0xa contiki-z1.a(uip-ds6-nbr.o)
                0x00001196                ds6_neighbors
 .data          0x000011a0        0x0 contiki-z1.a(uip-ds6.o)
 .data          0x000011a0        0x0 contiki-z1.a(uip-nd6.o)
 .data          0x000011a0        0x0 contiki-z1.a(uip-udp-packet.)
 .data          0x000011a0        0x0 contiki-z1.a(uip6.o)
 .data          0x000011a0       0x12 contiki-z1.a(servreg-hack.o)
                0x000011a0                servreg_hack_process
 .data          0x000011b2        0x0 contiki-z1.a(contiki-z1-plat)
 .data          0x000011b2        0x2 contiki-z1.a(msp430.o)
 .data          0x000011b4        0x0 contiki-z1.a(leds.o)
 .data          0x000011b4        0x0 contiki-z1.a(watchdog.o)
 .data          0x000011b4        0x0 contiki-z1.a(xmem.o)
 .data          0x000011b4        0x0 contiki-z1.a(spi.o)
 .data          0x000011b4        0xa contiki-z1.a(cc2420.o)
                0x000011b4                cc2420_process
 .data          0x000011be        0x0 contiki-z1.a(cc2420-arch.o)
 .data          0x000011be        0x0 contiki-z1.a(node-id.o)
 .data          0x000011be        0xa contiki-z1.a(sensors.o)
                0x000011be                sensors_process
 .data          0x000011c8        0x0 contiki-z1.a(button-sensor.o)
 .data          0x000011c8        0x0 contiki-z1.a(uart0.o)
 .data          0x000011c8        0x0 contiki-z1.a(uart0-putchar.o)
 .data          0x000011c8        0x0 contiki-z1.a(tmp102.o)
 .data          0x000011c8        0x0 contiki-z1.a(i2cmaster.o)
 .data          0x000011c8       0x20 contiki-z1.a(adxl345.o)
                0x000011c8                accmeter_process
 .data          0x000011e8        0x0 contiki-z1.a(clock.o)
 .data          0x000011e8        0x0 contiki-z1.a(leds-arch.o)
 .data          0x000011e8        0x0 contiki-z1.a(rtimer-arch.o)
 .data          0x000011e8        0x0 contiki-z1.a(mac.o)
 .data          0x000011e8        0x0 contiki-z1.a(framer-802154.o)
 .data          0x000011e8        0x0 contiki-z1.a(rpl.o)
 .data          0x000011e8        0x8 contiki-z1.a(rpl-dag.o)
 .data          0x000011f0        0x1 contiki-z1.a(rpl-icmp6.o)
 .data          0x000011f1        0x0 contiki-z1.a(rpl-timers.o)
 *fill*         0x000011f1        0x1 00
 .data          0x000011f2        0xe contiki-z1.a(rpl-mrhof.o)
                0x000011f2                rpl_mrhof
 .data          0x00001200        0x0 contiki-z1.a(rpl-ext-header.)
 .data          0x00001200        0x0 contiki-z1.a(stimer.o)
 .data          0x00001200        0x0 contiki-z1.a(uip-icmp6.o)
 .data          0x00001200        0x0 contiki-z1.a(frame802154.o)
 .data          0x00001200        0x0 /usr/lib/gcc/msp430/4.5.3/mcpu-430x/mmpy-16/libgcc.a(_mulsi3.o)
 .data          0x00001200        0x0 /usr/lib/gcc/msp430/4.5.3/mcpu-430x/mmpy-16/libgcc.a(_udivmodhi4.o)
 .data          0x00001200        0x0 /usr/lib/gcc/msp430/4.5.3/mcpu-430x/mmpy-16/libgcc.a(_divmodhi4.o)
 .data          0x00001200        0x0 /usr/lib/gcc/msp430/4.5.3/mcpu-430x/mmpy-16/libgcc.a(_udivmodsi4.o)
 .data          0x00001200        0x0 /usr/lib/gcc/msp430/4.5.3/../../../../msp430/lib/mcpu-430x/mmpy-16/libc.a(strncmp.o)
 .data          0x00001200        0x0 /usr/lib/gcc/msp430/4.5.3/../../../../msp430/lib/mcpu-430x/mmpy-16/libc.a(memcmp.o)
 .data          0x00001200        0x0 /usr/lib/gcc/msp430/4.5.3/../../../../msp430/lib/mcpu-430x/mmpy-16/libc.a(memcpy.o)
 .data          0x00001200        0x0 /usr/lib/gcc/msp430/4.5.3/../../../../msp430/lib/mcpu-430x/mmpy-16/libc.a(memmove.o)
 .data          0x00001200        0x0 /usr/lib/gcc/msp430/4.5.3/../../../../msp430/lib/mcpu-430x/mmpy-16/libc.a(memset.o)
 .data          0x00001200        0x0 /usr/lib/gcc/msp430/4.5.3/../../../../msp430/lib/mcpu-430x/mmpy-16/libc.a(printf.o)
 .data          0x00001200        0x0 /usr/lib/gcc/msp430/4.5.3/../../../../msp430/lib/mcpu-430x/mmpy-16/libc.a(sprintf.o)
 .data          0x00001200        0x0 /usr/lib/gcc/msp430/4.5.3/../../../../msp430/lib/mcpu-430x/mmpy-16/libc.a(vuprintf.o)
 .data          0x00001200        0x0 /usr/lib/gcc/msp430/4.5.3/../../../../msp430/lib/mcpu-430x/mmpy-16/libc.a(puts.o)
 .data          0x00001200        0x4 /usr/lib/gcc/msp430/4.5.3/../../../../msp430/lib/mcpu-430x/mmpy-16/libc.a(rand.o)
 .data          0x00001204        0x0 /usr/lib/gcc/msp430/4.5.3/mcpu-430x/mmpy-16/libcrt0.a(_reset_vector__.o)
 .data          0x00001204        0x0 /usr/lib/gcc/msp430/4.5.3/mcpu-430x/mmpy-16/libcrt0.a(__init_stack.o)
 .data          0x00001204        0x0 /usr/lib/gcc/msp430/4.5.3/mcpu-430x/mmpy-16/libcrt0.a(__low_level_init.o)
 .data          0x00001204        0x0 /usr/lib/gcc/msp430/4.5.3/mcpu-430x/mmpy-16/libcrt0.a(_copy_data.o)
 .data          0x00001204        0x0 /usr/lib/gcc/msp430/4.5.3/mcpu-430x/mmpy-16/libcrt0.a(_clear_bss.o)
 .data          0x00001204        0x0 /usr/lib/gcc/msp430/4.5.3/mcpu-430x/mmpy-16/libcrt0.a(__stop_progExec__.o)
 .data          0x00001204        0x0 /usr/lib/gcc/msp430/4.5.3/mcpu-430x/mmpy-16/libcrt0.a(_endless_loop__.o)
 .data          0x00001204        0x0 /usr/lib/gcc/msp430/4.5.3/mcpu-430x/mmpy-16/libcrt0.a(_unexpected_.o)
 *(SORT(.data.*))
                0x00001204                . = ALIGN (0x2)
 *(.gnu.linkonce.d*)
                0x00001204                . = ALIGN (0x2)
                0x00001204                _edata = .
                0x0000f360                PROVIDE (__data_load_start, LOADADDR (.data))
                0x00000104                PROVIDE (__data_size, SIZEOF (.data))

.bss            0x00001204     0x17a0 load address 0x0000f464
                0x00001204                PROVIDE (__bss_start, .)
 *(.bss)
 .bss           0x00001204        0x0 /usr/lib/gcc/msp430/4.5.3/mcpu-430x/mmpy-16/crt0ivtbl32.o
 .bss           0x00001204       0x36 unicast-sender.co
 .bss           0x0000123a        0x4 obj_z1/contiki-z1-main.o
 .bss           0x0000123e        0x0 contiki-z1.a(rimeaddr.o)
 .bss           0x0000123e       0x8a contiki-z1.a(csma.o)
 .bss           0x000012c8       0xd0 contiki-z1.a(contikimac.o)
 .bss           0x00001398      0x19c contiki-z1.a(phase.o)
 .bss           0x00001534       0x42 contiki-z1.a(process.o)
                0x00001534                process_list
                0x00001536                process_current
 .bss           0x00001576        0x0 contiki-z1.a(autostart.o)
 .bss           0x00001576        0x0 contiki-z1.a(memb.o)
 .bss           0x00001576        0x0 contiki-z1.a(timer.o)
 .bss           0x00001576        0x0 contiki-z1.a(list.o)
 .bss           0x00001576        0x6 contiki-z1.a(etimer.o)
 .bss           0x0000157c        0x4 contiki-z1.a(ctimer.o)
 .bss           0x00001580        0x0 contiki-z1.a(energest.o)
 .bss           0x00001580        0x2 contiki-z1.a(rtimer.o)
 .bss           0x00001582        0x0 contiki-z1.a(random.o)
 .bss           0x00001582       0xda contiki-z1.a(nbr-table.o)
 .bss           0x0000165c       0xba contiki-z1.a(packetbuf.o)
 .bss           0x00001716      0x3c6 contiki-z1.a(queuebuf.o)
 .bss           0x00001adc       0xbe contiki-z1.a(sicslowpan.o)
 .bss           0x00001b9a       0x8e contiki-z1.a(simple-udp.o)
 .bss           0x00001c28       0x36 contiki-z1.a(tcpip.o)
 .bss           0x00001c5e        0x0 contiki-z1.a(uip-debug.o)
 .bss           0x00001c5e      0x24e contiki-z1.a(uip-ds6-route.o)
 .bss           0x00001eac      0x21c contiki-z1.a(uip-ds6-nbr.o)
 .bss           0x000020c8       0x18 contiki-z1.a(uip-ds6.o)
 .bss           0x000020e0        0xa contiki-z1.a(uip-nd6.o)
 .bss           0x000020ea        0x0 contiki-z1.a(uip-udp-packet.)
 .bss           0x000020ea       0x10 contiki-z1.a(uip6.o)
                0x000020ea                uip_ext_bitmap
                0x000020ec                uip_ext_len
                0x000020ee                uip_ext_opt_offset
 .bss           0x000020fa      0x1f2 contiki-z1.a(servreg-hack.o)
 .bss           0x000022ec        0x0 contiki-z1.a(contiki-z1-plat)
 .bss           0x000022ec        0x0 contiki-z1.a(msp430.o)
 .bss           0x000022ec        0x2 contiki-z1.a(leds.o)
 .bss           0x000022ee        0x2 contiki-z1.a(watchdog.o)
 .bss           0x000022f0        0x0 contiki-z1.a(xmem.o)
 .bss           0x000022f0        0x2 contiki-z1.a(spi.o)
                0x000022f0                spi_busy
 .bss           0x000022f2        0xa contiki-z1.a(cc2420.o)
 .bss           0x000022fc        0x0 contiki-z1.a(cc2420-arch.o)
 .bss           0x000022fc        0x2 contiki-z1.a(node-id.o)
                0x000022fc                node_id
 .bss           0x000022fe        0x6 contiki-z1.a(sensors.o)
 .bss           0x00002304        0x8 contiki-z1.a(button-sensor.o)
 .bss           0x0000230c        0x4 contiki-z1.a(uart0.o)
 .bss           0x00002310        0x0 contiki-z1.a(uart0-putchar.o)
 .bss           0x00002310        0x2 contiki-z1.a(tmp102.o)
 .bss           0x00002312        0x2 contiki-z1.a(i2cmaster.o)
 .bss           0x00002314       0x16 contiki-z1.a(adxl345.o)
 .bss           0x0000232a        0xa contiki-z1.a(clock.o)
 .bss           0x00002334        0x0 contiki-z1.a(leds-arch.o)
 .bss           0x00002334        0x0 contiki-z1.a(rtimer-arch.o)
 .bss           0x00002334        0x0 contiki-z1.a(mac.o)
 .bss           0x00002334        0x2 contiki-z1.a(framer-802154.o)
 .bss           0x00002336        0x0 contiki-z1.a(rpl.o)
 .bss           0x00002336       0x96 contiki-z1.a(rpl-dag.o)
 .bss           0x000023cc        0x0 contiki-z1.a(rpl-icmp6.o)
 .bss           0x000023cc       0x18 contiki-z1.a(rpl-timers.o)
 .bss           0x000023e4        0x0 contiki-z1.a(rpl-mrhof.o)
 .bss           0x000023e4        0x0 contiki-z1.a(rpl-ext-header.)
 .bss           0x000023e4        0x0 contiki-z1.a(stimer.o)
 .bss           0x000023e4       0x10 contiki-z1.a(uip-icmp6.o)
 .bss           0x000023f4        0x0 contiki-z1.a(frame802154.o)
 .bss           0x000023f4        0x0 /usr/lib/gcc/msp430/4.5.3/mcpu-430x/mmpy-16/libgcc.a(_mulsi3.o)
 .bss           0x000023f4        0x0 /usr/lib/gcc/msp430/4.5.3/mcpu-430x/mmpy-16/libgcc.a(_udivmodhi4.o)
 .bss           0x000023f4        0x0 /usr/lib/gcc/msp430/4.5.3/mcpu-430x/mmpy-16/libgcc.a(_divmodhi4.o)
 .bss           0x000023f4        0x0 /usr/lib/gcc/msp430/4.5.3/mcpu-430x/mmpy-16/libgcc.a(_udivmodsi4.o)
 .bss           0x000023f4        0x0 /usr/lib/gcc/msp430/4.5.3/../../../../msp430/lib/mcpu-430x/mmpy-16/libc.a(strncmp.o)
 .bss           0x000023f4        0x0 /usr/lib/gcc/msp430/4.5.3/../../../../msp430/lib/mcpu-430x/mmpy-16/libc.a(memcmp.o)
 .bss           0x000023f4        0x0 /usr/lib/gcc/msp430/4.5.3/../../../../msp430/lib/mcpu-430x/mmpy-16/libc.a(memcpy.o)
 .bss           0x000023f4        0x0 /usr/lib/gcc/msp430/4.5.3/../../../../msp430/lib/mcpu-430x/mmpy-16/libc.a(memmove.o)
 .bss           0x000023f4        0x0 /usr/lib/gcc/msp430/4.5.3/../../../../msp430/lib/mcpu-430x/mmpy-16/libc.a(memset.o)
 .bss           0x000023f4        0x0 /usr/lib/gcc/msp430/4.5.3/../../../../msp430/lib/mcpu-430x/mmpy-16/libc.a(printf.o)
 .bss           0x000023f4        0x4 /usr/lib/gcc/msp430/4.5.3/../../../../msp430/lib/mcpu-430x/mmpy-16/libc.a(sprintf.o)
 .bss           0x000023f8        0x0 /usr/lib/gcc/msp430/4.5.3/../../../../msp430/lib/mcpu-430x/mmpy-16/libc.a(vuprintf.o)
 .bss           0x000023f8        0x0 /usr/lib/gcc/msp430/4.5.3/../../../../msp430/lib/mcpu-430x/mmpy-16/libc.a(puts.o)
 .bss           0x000023f8        0x0 /usr/lib/gcc/msp430/4.5.3/../../../../msp430/lib/mcpu-430x/mmpy-16/libc.a(rand.o)
 .bss           0x000023f8        0x0 /usr/lib/gcc/msp430/4.5.3/mcpu-430x/mmpy-16/libcrt0.a(_reset_vector__.o)
 .bss           0x000023f8        0x0 /usr/lib/gcc/msp430/4.5.3/mcpu-430x/mmpy-16/libcrt0.a(__init_stack.o)
 .bss           0x000023f8        0x0 /usr/lib/gcc/msp430/4.5.3/mcpu-430x/mmpy-16/libcrt0.a(__low_level_init.o)
 .bss           0x000023f8        0x0 /usr/lib/gcc/msp430/4.5.3/mcpu-430x/mmpy-16/libcrt0.a(_copy_data.o)
 .bss           0x000023f8        0x0 /usr/lib/gcc/msp430/4.5.3/mcpu-430x/mmpy-16/libcrt0.a(_clear_bss.o)
 .bss           0x000023f8        0x0 /usr/lib/gcc/msp430/4.5.3/mcpu-430x/mmpy-16/libcrt0.a(__stop_progExec__.o)
 .bss           0x000023f8        0x0 /usr/lib/gcc/msp430/4.5.3/mcpu-430x/mmpy-16/libcrt0.a(_endless_loop__.o)
 .bss           0x000023f8        0x0 /usr/lib/gcc/msp430/4.5.3/mcpu-430x/mmpy-16/libcrt0.a(_unexpected_.o)
 *(SORT(.bss.*))
 *(COMMON)
 COMMON         0x000023f8        0x2 obj_z1/contiki-z1-main.o
                0x000023f8                sensors_flags
 COMMON         0x000023fa        0x8 contiki-z1.a(rimeaddr.o)
                0x000023fa                rimeaddr_node_addr
 COMMON         0x00002402        0x1 contiki-z1.a(process.o)
                0x00002402                process_maxevents
 *fill*         0x00002403        0x1 00
 COMMON         0x00002404       0x56 contiki-z1.a(energest.o)
                0x00002404                energest_total_time
                0x00002434                energest_total_count
                0x00002436                energest_current_mode
                0x00002442                energest_current_time
 COMMON         0x0000245a       0x50 contiki-z1.a(packetbuf.o)
                0x0000245a                packetbuf_addrs
                0x0000247a                packetbuf_attrs
 COMMON         0x000024aa        0x8 contiki-z1.a(sicslowpan.o)
                0x000024aa                frag_sender
 COMMON         0x000024b2        0x1 contiki-z1.a(tcpip.o)
                0x000024b2                tcpip_event
 *fill*         0x000024b3        0x1 00
 COMMON         0x000024b4      0x15c contiki-z1.a(uip-ds6.o)
                0x000024b4                uip_ds6_timer_ra
                0x000024bc                uip_ds6_if
                0x000025a8                uip_ds6_netif_addr_list_offset
                0x000025a9                uip_ds6_addr_size
                0x000025aa                uip_ds6_prefix_list
                0x00002604                uip_ds6_timer_periodic
 COMMON         0x00002610      0x2a0 contiki-z1.a(uip6.o)
                0x00002610                uip_len
                0x00002612                uip_sappdata
                0x00002614                uip_acc32
                0x00002618                uip_lladdr
                0x00002620                uip_aligned_buf
                0x000026ac                uip_flags
                0x000026ae                uip_next_hdr
                0x000026b0                uip_udp_conn
                0x000026b2                uip_appdata
                0x000026b4                uip_conn
                0x000026b6                uip_conns
                0x00002766                uip_listenports
                0x00002776                uip_slen
                0x00002778                uip_udp_conns
 COMMON         0x000028b0       0x14 contiki-z1.a(cc2420.o)
                0x000028b0                cc2420_last_rssi
                0x000028b2                cc2420_packets_read
                0x000028b4                cc2420_packets_seen
                0x000028b6                cc2420_sfd_start_time
                0x000028b8                cc2420_time_of_departure
                0x000028ba                cc2420_time_of_arrival
                0x000028bc                cc2420_last_correlation
                0x000028be                cc2420_authority_level_of_sender
                0x000028c0                cc2420_sfd_counter
                0x000028c2                cc2420_sfd_end_time
 COMMON         0x000028c4        0x8 contiki-z1.a(node-id.o)
                0x000028c4                node_mac
 COMMON         0x000028cc        0x1 contiki-z1.a(sensors.o)
                0x000028cc                sensors_event
 *fill*         0x000028cd        0x1 00
 COMMON         0x000028ce       0x10 contiki-z1.a(i2cmaster.o)
                0x000028ce                transmit_data1
                0x000028cf                rx_byte_ctr
                0x000028d0                tx_buf_ptr
                0x000028d2                tx_byte_ctr
                0x000028d4                i
                0x000028d6                receive_data
                0x000028d8                rx_buf
                0x000028da                transmit_data2
                0x000028dc                rx_buf_ptr
 COMMON         0x000028de        0x7 contiki-z1.a(adxl345.o)
                0x000028de                accm_int2_cb
                0x000028e0                int2_event
                0x000028e2                accm_int1_cb
                0x000028e4                int1_event
 *fill*         0x000028e5        0x1 00
 COMMON         0x000028e6       0xbe contiki-z1.a(rpl-dag.o)
                0x000028e6                default_instance
                0x000028e8                instance_table
                0x000029a4                PROVIDE (__bss_end, .)
                0x000029a4                _end = .
                0x000017a0                PROVIDE (__bss_size, SIZEOF (.bss))

.noinit         0x000029a4        0x0 load address 0x0000f464
                0x000029a4                PROVIDE (__noinit_start, .)
 *(.noinit)
 *(.noinit.*)
 *(COMMON)
                0x000029a4                PROVIDE (__noinit_end, .)
                0x000029a4                _end = .

.infomem        0x00001000        0x0
 *(.infomem)
                0x00001000                . = ALIGN (0x2)
 *(.infomem.*)

.infomemnobits  0x00001000        0x0
                0x00001000                . = ALIGN (0x2)
 *(.infomemnobits)
                0x00001000                . = ALIGN (0x2)
 *(.infomemnobits.*)

.vectors        0x0000ffc0       0x40
                0x0000ffc0                PROVIDE (__vectors_start, .)
 *(.vectors*)
 .vectors       0x0000ffc0       0x40 /usr/lib/gcc/msp430/4.5.3/mcpu-430x/mmpy-16/crt0ivtbl32.o
                0x0000ffc0                __ivtbl_32
                0x00010000                _vectors_end = .

.fartext        0x00010000        0x0
                0x00010000                . = ALIGN (0x2)
 *(.fartext)
                0x00010000                . = ALIGN (0x2)
 *(.fartext.*)
                0x00010000                _efartext = .

.profiler
 *(.profiler)

.stab
 *(.stab)

.stabstr
 *(.stabstr)

.stab.excl
 *(.stab.excl)

.stab.exclstr
 *(.stab.exclstr)

.stab.index
 *(.stab.index)

.stab.indexstr
 *(.stab.indexstr)

.comment
 *(.comment)

.debug
 *(.debug)

.line
 *(.line)

.debug_srcinfo
 *(.debug_srcinfo)

.debug_sfnames
 *(.debug_sfnames)

.debug_aranges  0x00000000      0x190
 *(.debug_aranges)
 .debug_aranges
                0x00000000       0x14 /usr/lib/gcc/msp430/4.5.3/mcpu-430x/mmpy-16/libgcc.a(_mulsi3.o)
 .debug_aranges
                0x00000014       0x14 /usr/lib/gcc/msp430/4.5.3/mcpu-430x/mmpy-16/libgcc.a(_udivmodhi4.o)
 .debug_aranges
                0x00000028       0x14 /usr/lib/gcc/msp430/4.5.3/mcpu-430x/mmpy-16/libgcc.a(_divmodhi4.o)
 .debug_aranges
                0x0000003c       0x14 /usr/lib/gcc/msp430/4.5.3/mcpu-430x/mmpy-16/libgcc.a(_udivmodsi4.o)
 .debug_aranges
                0x00000050       0x14 /usr/lib/gcc/msp430/4.5.3/../../../../msp430/lib/mcpu-430x/mmpy-16/libc.a(strncmp.o)
 .debug_aranges
                0x00000064       0x14 /usr/lib/gcc/msp430/4.5.3/../../../../msp430/lib/mcpu-430x/mmpy-16/libc.a(memcmp.o)
 .debug_aranges
                0x00000078       0x14 /usr/lib/gcc/msp430/4.5.3/../../../../msp430/lib/mcpu-430x/mmpy-16/libc.a(memcpy.o)
 .debug_aranges
                0x0000008c       0x14 /usr/lib/gcc/msp430/4.5.3/../../../../msp430/lib/mcpu-430x/mmpy-16/libc.a(memmove.o)
 .debug_aranges
                0x000000a0       0x14 /usr/lib/gcc/msp430/4.5.3/../../../../msp430/lib/mcpu-430x/mmpy-16/libc.a(memset.o)
 .debug_aranges
                0x000000b4       0x14 /usr/lib/gcc/msp430/4.5.3/../../../../msp430/lib/mcpu-430x/mmpy-16/libc.a(printf.o)
 .debug_aranges
                0x000000c8       0x14 /usr/lib/gcc/msp430/4.5.3/../../../../msp430/lib/mcpu-430x/mmpy-16/libc.a(sprintf.o)
 .debug_aranges
                0x000000dc       0x14 /usr/lib/gcc/msp430/4.5.3/../../../../msp430/lib/mcpu-430x/mmpy-16/libc.a(vuprintf.o)
 .debug_aranges
                0x000000f0       0x14 /usr/lib/gcc/msp430/4.5.3/../../../../msp430/lib/mcpu-430x/mmpy-16/libc.a(puts.o)
 .debug_aranges
                0x00000104       0x14 /usr/lib/gcc/msp430/4.5.3/../../../../msp430/lib/mcpu-430x/mmpy-16/libc.a(rand.o)
 .debug_aranges
                0x00000118       0x14 /usr/lib/gcc/msp430/4.5.3/mcpu-430x/mmpy-16/libcrt0.a(__init_stack.o)
 .debug_aranges
                0x0000012c       0x14 /usr/lib/gcc/msp430/4.5.3/mcpu-430x/mmpy-16/libcrt0.a(__low_level_init.o)
 .debug_aranges
                0x00000140       0x14 /usr/lib/gcc/msp430/4.5.3/mcpu-430x/mmpy-16/libcrt0.a(_copy_data.o)
 .debug_aranges
                0x00000154       0x14 /usr/lib/gcc/msp430/4.5.3/mcpu-430x/mmpy-16/libcrt0.a(_clear_bss.o)
 .debug_aranges
                0x00000168       0x14 /usr/lib/gcc/msp430/4.5.3/mcpu-430x/mmpy-16/libcrt0.a(_endless_loop__.o)
 .debug_aranges
                0x0000017c       0x14 /usr/lib/gcc/msp430/4.5.3/mcpu-430x/mmpy-16/libcrt0.a(_unexpected_.o)

.debug_pubnames
                0x00000000      0x16c
 *(.debug_pubnames)
 .debug_pubnames
                0x00000000       0x1e /usr/lib/gcc/msp430/4.5.3/../../../../msp430/lib/mcpu-430x/mmpy-16/libc.a(strncmp.o)
 .debug_pubnames
                0x0000001e       0x1d /usr/lib/gcc/msp430/4.5.3/../../../../msp430/lib/mcpu-430x/mmpy-16/libc.a(memcmp.o)
 .debug_pubnames
                0x0000003b       0x1d /usr/lib/gcc/msp430/4.5.3/../../../../msp430/lib/mcpu-430x/mmpy-16/libc.a(memcpy.o)
 .debug_pubnames
                0x00000058       0x1e /usr/lib/gcc/msp430/4.5.3/../../../../msp430/lib/mcpu-430x/mmpy-16/libc.a(memmove.o)
 .debug_pubnames
                0x00000076       0x1d /usr/lib/gcc/msp430/4.5.3/../../../../msp430/lib/mcpu-430x/mmpy-16/libc.a(memset.o)
 .debug_pubnames
                0x00000093       0x29 /usr/lib/gcc/msp430/4.5.3/../../../../msp430/lib/mcpu-430x/mmpy-16/libc.a(printf.o)
 .debug_pubnames
                0x000000bc       0x46 /usr/lib/gcc/msp430/4.5.3/../../../../msp430/lib/mcpu-430x/mmpy-16/libc.a(sprintf.o)
 .debug_pubnames
                0x00000102       0x1f /usr/lib/gcc/msp430/4.5.3/../../../../msp430/lib/mcpu-430x/mmpy-16/libc.a(vuprintf.o)
 .debug_pubnames
                0x00000121       0x1b /usr/lib/gcc/msp430/4.5.3/../../../../msp430/lib/mcpu-430x/mmpy-16/libc.a(puts.o)
 .debug_pubnames
                0x0000013c       0x30 /usr/lib/gcc/msp430/4.5.3/../../../../msp430/lib/mcpu-430x/mmpy-16/libc.a(rand.o)

.debug_info     0x00000000     0x1599
 *(.debug_info)
 .debug_info    0x00000000       0xe1 /usr/lib/gcc/msp430/4.5.3/mcpu-430x/mmpy-16/libgcc.a(_mulsi3.o)
 .debug_info    0x000000e1       0xe1 /usr/lib/gcc/msp430/4.5.3/mcpu-430x/mmpy-16/libgcc.a(_udivmodhi4.o)
 .debug_info    0x000001c2       0xe1 /usr/lib/gcc/msp430/4.5.3/mcpu-430x/mmpy-16/libgcc.a(_divmodhi4.o)
 .debug_info    0x000002a3       0xe1 /usr/lib/gcc/msp430/4.5.3/mcpu-430x/mmpy-16/libgcc.a(_udivmodsi4.o)
 .debug_info    0x00000384       0xbd /usr/lib/gcc/msp430/4.5.3/../../../../msp430/lib/mcpu-430x/mmpy-16/libc.a(strncmp.o)
 .debug_info    0x00000441       0xe2 /usr/lib/gcc/msp430/4.5.3/../../../../msp430/lib/mcpu-430x/mmpy-16/libc.a(memcmp.o)
 .debug_info    0x00000523      0x113 /usr/lib/gcc/msp430/4.5.3/../../../../msp430/lib/mcpu-430x/mmpy-16/libc.a(memcpy.o)
 .debug_info    0x00000636      0x113 /usr/lib/gcc/msp430/4.5.3/../../../../msp430/lib/mcpu-430x/mmpy-16/libc.a(memmove.o)
 .debug_info    0x00000749       0xfe /usr/lib/gcc/msp430/4.5.3/../../../../msp430/lib/mcpu-430x/mmpy-16/libc.a(memset.o)
 .debug_info    0x00000847      0x103 /usr/lib/gcc/msp430/4.5.3/../../../../msp430/lib/mcpu-430x/mmpy-16/libc.a(printf.o)
 .debug_info    0x0000094a      0x277 /usr/lib/gcc/msp430/4.5.3/../../../../msp430/lib/mcpu-430x/mmpy-16/libc.a(sprintf.o)
 .debug_info    0x00000bc1      0x3b5 /usr/lib/gcc/msp430/4.5.3/../../../../msp430/lib/mcpu-430x/mmpy-16/libc.a(vuprintf.o)
 .debug_info    0x00000f76       0x96 /usr/lib/gcc/msp430/4.5.3/../../../../msp430/lib/mcpu-430x/mmpy-16/libc.a(puts.o)
 .debug_info    0x0000100c      0x137 /usr/lib/gcc/msp430/4.5.3/../../../../msp430/lib/mcpu-430x/mmpy-16/libc.a(rand.o)
 .debug_info    0x00001143       0xb9 /usr/lib/gcc/msp430/4.5.3/mcpu-430x/mmpy-16/libcrt0.a(__init_stack.o)
 .debug_info    0x000011fc       0xb9 /usr/lib/gcc/msp430/4.5.3/mcpu-430x/mmpy-16/libcrt0.a(__low_level_init.o)
 .debug_info    0x000012b5       0xb9 /usr/lib/gcc/msp430/4.5.3/mcpu-430x/mmpy-16/libcrt0.a(_copy_data.o)
 .debug_info    0x0000136e       0xb9 /usr/lib/gcc/msp430/4.5.3/mcpu-430x/mmpy-16/libcrt0.a(_clear_bss.o)
 .debug_info    0x00001427       0xb9 /usr/lib/gcc/msp430/4.5.3/mcpu-430x/mmpy-16/libcrt0.a(_endless_loop__.o)
 .debug_info    0x000014e0       0xb9 /usr/lib/gcc/msp430/4.5.3/mcpu-430x/mmpy-16/libcrt0.a(_unexpected_.o)
 *(.gnu.linkonce.wi.*)

.debug_abbrev   0x00000000      0x854
 *(.debug_abbrev)
 .debug_abbrev  0x00000000       0x14 /usr/lib/gcc/msp430/4.5.3/mcpu-430x/mmpy-16/libgcc.a(_mulsi3.o)
 .debug_abbrev  0x00000014       0x14 /usr/lib/gcc/msp430/4.5.3/mcpu-430x/mmpy-16/libgcc.a(_udivmodhi4.o)
 .debug_abbrev  0x00000028       0x14 /usr/lib/gcc/msp430/4.5.3/mcpu-430x/mmpy-16/libgcc.a(_divmodhi4.o)
 .debug_abbrev  0x0000003c       0x14 /usr/lib/gcc/msp430/4.5.3/mcpu-430x/mmpy-16/libgcc.a(_udivmodsi4.o)
 .debug_abbrev  0x00000050       0x6d /usr/lib/gcc/msp430/4.5.3/../../../../msp430/lib/mcpu-430x/mmpy-16/libc.a(strncmp.o)
 .debug_abbrev  0x000000bd       0x8a /usr/lib/gcc/msp430/4.5.3/../../../../msp430/lib/mcpu-430x/mmpy-16/libc.a(memcmp.o)
 .debug_abbrev  0x00000147       0x97 /usr/lib/gcc/msp430/4.5.3/../../../../msp430/lib/mcpu-430x/mmpy-16/libc.a(memcpy.o)
 .debug_abbrev  0x000001de       0x97 /usr/lib/gcc/msp430/4.5.3/../../../../msp430/lib/mcpu-430x/mmpy-16/libc.a(memmove.o)
 .debug_abbrev  0x00000275       0x8d /usr/lib/gcc/msp430/4.5.3/../../../../msp430/lib/mcpu-430x/mmpy-16/libc.a(memset.o)
 .debug_abbrev  0x00000302       0xce /usr/lib/gcc/msp430/4.5.3/../../../../msp430/lib/mcpu-430x/mmpy-16/libc.a(printf.o)
 .debug_abbrev  0x000003d0      0x105 /usr/lib/gcc/msp430/4.5.3/../../../../msp430/lib/mcpu-430x/mmpy-16/libc.a(sprintf.o)
 .debug_abbrev  0x000004d5      0x1cb /usr/lib/gcc/msp430/4.5.3/../../../../msp430/lib/mcpu-430x/mmpy-16/libc.a(vuprintf.o)
 .debug_abbrev  0x000006a0       0x60 /usr/lib/gcc/msp430/4.5.3/../../../../msp430/lib/mcpu-430x/mmpy-16/libc.a(puts.o)
 .debug_abbrev  0x00000700       0xdc /usr/lib/gcc/msp430/4.5.3/../../../../msp430/lib/mcpu-430x/mmpy-16/libc.a(rand.o)
 .debug_abbrev  0x000007dc       0x14 /usr/lib/gcc/msp430/4.5.3/mcpu-430x/mmpy-16/libcrt0.a(__init_stack.o)
 .debug_abbrev  0x000007f0       0x14 /usr/lib/gcc/msp430/4.5.3/mcpu-430x/mmpy-16/libcrt0.a(__low_level_init.o)
 .debug_abbrev  0x00000804       0x14 /usr/lib/gcc/msp430/4.5.3/mcpu-430x/mmpy-16/libcrt0.a(_copy_data.o)
 .debug_abbrev  0x00000818       0x14 /usr/lib/gcc/msp430/4.5.3/mcpu-430x/mmpy-16/libcrt0.a(_clear_bss.o)
 .debug_abbrev  0x0000082c       0x14 /usr/lib/gcc/msp430/4.5.3/mcpu-430x/mmpy-16/libcrt0.a(_endless_loop__.o)
 .debug_abbrev  0x00000840       0x14 /usr/lib/gcc/msp430/4.5.3/mcpu-430x/mmpy-16/libcrt0.a(_unexpected_.o)

.debug_line     0x00000000      0xc72
 *(.debug_line)
 .debug_line    0x00000000       0x9d /usr/lib/gcc/msp430/4.5.3/mcpu-430x/mmpy-16/libgcc.a(_mulsi3.o)
 .debug_line    0x0000009d       0x9a /usr/lib/gcc/msp430/4.5.3/mcpu-430x/mmpy-16/libgcc.a(_udivmodhi4.o)
 .debug_line    0x00000137       0xa5 /usr/lib/gcc/msp430/4.5.3/mcpu-430x/mmpy-16/libgcc.a(_divmodhi4.o)
 .debug_line    0x000001dc       0xa1 /usr/lib/gcc/msp430/4.5.3/mcpu-430x/mmpy-16/libgcc.a(_udivmodsi4.o)
 .debug_line    0x0000027d       0x76 /usr/lib/gcc/msp430/4.5.3/../../../../msp430/lib/mcpu-430x/mmpy-16/libc.a(strncmp.o)
 .debug_line    0x000002f3       0x7c /usr/lib/gcc/msp430/4.5.3/../../../../msp430/lib/mcpu-430x/mmpy-16/libc.a(memcmp.o)
 .debug_line    0x0000036f       0xf3 /usr/lib/gcc/msp430/4.5.3/../../../../msp430/lib/mcpu-430x/mmpy-16/libc.a(memcpy.o)
 .debug_line    0x00000462       0xf3 /usr/lib/gcc/msp430/4.5.3/../../../../msp430/lib/mcpu-430x/mmpy-16/libc.a(memmove.o)
 .debug_line    0x00000555       0xbd /usr/lib/gcc/msp430/4.5.3/../../../../msp430/lib/mcpu-430x/mmpy-16/libc.a(memset.o)
 .debug_line    0x00000612       0x72 /usr/lib/gcc/msp430/4.5.3/../../../../msp430/lib/mcpu-430x/mmpy-16/libc.a(printf.o)
 .debug_line    0x00000684       0x9c /usr/lib/gcc/msp430/4.5.3/../../../../msp430/lib/mcpu-430x/mmpy-16/libc.a(sprintf.o)
 .debug_line    0x00000720      0x198 /usr/lib/gcc/msp430/4.5.3/../../../../msp430/lib/mcpu-430x/mmpy-16/libc.a(vuprintf.o)
 .debug_line    0x000008b8       0x4d /usr/lib/gcc/msp430/4.5.3/../../../../msp430/lib/mcpu-430x/mmpy-16/libc.a(puts.o)
 .debug_line    0x00000905       0x52 /usr/lib/gcc/msp430/4.5.3/../../../../msp430/lib/mcpu-430x/mmpy-16/libc.a(rand.o)
 .debug_line    0x00000957       0x82 /usr/lib/gcc/msp430/4.5.3/mcpu-430x/mmpy-16/libcrt0.a(__init_stack.o)
 .debug_line    0x000009d9       0x84 /usr/lib/gcc/msp430/4.5.3/mcpu-430x/mmpy-16/libcrt0.a(__low_level_init.o)
 .debug_line    0x00000a5d       0x88 /usr/lib/gcc/msp430/4.5.3/mcpu-430x/mmpy-16/libcrt0.a(_copy_data.o)
 .debug_line    0x00000ae5       0x88 /usr/lib/gcc/msp430/4.5.3/mcpu-430x/mmpy-16/libcrt0.a(_clear_bss.o)
 .debug_line    0x00000b6d       0x83 /usr/lib/gcc/msp430/4.5.3/mcpu-430x/mmpy-16/libcrt0.a(_endless_loop__.o)
 .debug_line    0x00000bf0       0x82 /usr/lib/gcc/msp430/4.5.3/mcpu-430x/mmpy-16/libcrt0.a(_unexpected_.o)

.debug_frame    0x00000000      0x26a
 *(.debug_frame)
 .debug_frame   0x00000000       0x24 /usr/lib/gcc/msp430/4.5.3/../../../../msp430/lib/mcpu-430x/mmpy-16/libc.a(strncmp.o)
 .debug_frame   0x00000024       0x28 /usr/lib/gcc/msp430/4.5.3/../../../../msp430/lib/mcpu-430x/mmpy-16/libc.a(memcmp.o)
 .debug_frame   0x0000004c       0x32 /usr/lib/gcc/msp430/4.5.3/../../../../msp430/lib/mcpu-430x/mmpy-16/libc.a(memcpy.o)
 .debug_frame   0x0000007e       0x32 /usr/lib/gcc/msp430/4.5.3/../../../../msp430/lib/mcpu-430x/mmpy-16/libc.a(memmove.o)
 .debug_frame   0x000000b0       0x32 /usr/lib/gcc/msp430/4.5.3/../../../../msp430/lib/mcpu-430x/mmpy-16/libc.a(memset.o)
 .debug_frame   0x000000e2       0x2a /usr/lib/gcc/msp430/4.5.3/../../../../msp430/lib/mcpu-430x/mmpy-16/libc.a(printf.o)
 .debug_frame   0x0000010c       0x68 /usr/lib/gcc/msp430/4.5.3/../../../../msp430/lib/mcpu-430x/mmpy-16/libc.a(sprintf.o)
 .debug_frame   0x00000174       0x82 /usr/lib/gcc/msp430/4.5.3/../../../../msp430/lib/mcpu-430x/mmpy-16/libc.a(vuprintf.o)
 .debug_frame   0x000001f6       0x24 /usr/lib/gcc/msp430/4.5.3/../../../../msp430/lib/mcpu-430x/mmpy-16/libc.a(puts.o)
 .debug_frame   0x0000021a       0x50 /usr/lib/gcc/msp430/4.5.3/../../../../msp430/lib/mcpu-430x/mmpy-16/libc.a(rand.o)

.debug_str      0x00000000      0x37c
 *(.debug_str)
 .debug_str     0x00000000       0x9b /usr/lib/gcc/msp430/4.5.3/../../../../msp430/lib/mcpu-430x/mmpy-16/libc.a(strncmp.o)
                                 0xd4 (size before relaxing)
 .debug_str     0x0000009b       0x19 /usr/lib/gcc/msp430/4.5.3/../../../../msp430/lib/mcpu-430x/mmpy-16/libc.a(memcmp.o)
                                 0xd2 (size before relaxing)
 .debug_str     0x000000b4       0x34 /usr/lib/gcc/msp430/4.5.3/../../../../msp430/lib/mcpu-430x/mmpy-16/libc.a(memcpy.o)
                                 0xed (size before relaxing)
 .debug_str     0x000000e8       0x1b /usr/lib/gcc/msp430/4.5.3/../../../../msp430/lib/mcpu-430x/mmpy-16/libc.a(memmove.o)
                                 0xef (size before relaxing)
 .debug_str     0x00000103       0x26 /usr/lib/gcc/msp430/4.5.3/../../../../msp430/lib/mcpu-430x/mmpy-16/libc.a(memset.o)
                                 0xeb (size before relaxing)
 .debug_str     0x00000129       0x40 /usr/lib/gcc/msp430/4.5.3/../../../../msp430/lib/mcpu-430x/mmpy-16/libc.a(printf.o)
                                0x101 (size before relaxing)
 .debug_str     0x00000169       0x6e /usr/lib/gcc/msp430/4.5.3/../../../../msp430/lib/mcpu-430x/mmpy-16/libc.a(sprintf.o)
                                0x166 (size before relaxing)
 .debug_str     0x000001d7      0x161 /usr/lib/gcc/msp430/4.5.3/../../../../msp430/lib/mcpu-430x/mmpy-16/libc.a(vuprintf.o)
                                0x25d (size before relaxing)
 .debug_str     0x00000338       0x15 /usr/lib/gcc/msp430/4.5.3/../../../../msp430/lib/mcpu-430x/mmpy-16/libc.a(puts.o)
                                 0xc7 (size before relaxing)
 .debug_str     0x0000034d       0x2f /usr/lib/gcc/msp430/4.5.3/../../../../msp430/lib/mcpu-430x/mmpy-16/libc.a(rand.o)
                                 0xe6 (size before relaxing)

.debug_loc      0x00000000      0xb7d
 *(.debug_loc)
 .debug_loc     0x00000000       0x63 /usr/lib/gcc/msp430/4.5.3/../../../../msp430/lib/mcpu-430x/mmpy-16/libc.a(strncmp.o)
 .debug_loc     0x00000063       0x59 /usr/lib/gcc/msp430/4.5.3/../../../../msp430/lib/mcpu-430x/mmpy-16/libc.a(memcmp.o)
 .debug_loc     0x000000bc      0x1d6 /usr/lib/gcc/msp430/4.5.3/../../../../msp430/lib/mcpu-430x/mmpy-16/libc.a(memcpy.o)
 .debug_loc     0x00000292      0x1d6 /usr/lib/gcc/msp430/4.5.3/../../../../msp430/lib/mcpu-430x/mmpy-16/libc.a(memmove.o)
 .debug_loc     0x00000468       0xeb /usr/lib/gcc/msp430/4.5.3/../../../../msp430/lib/mcpu-430x/mmpy-16/libc.a(memset.o)
 .debug_loc     0x00000553       0x24 /usr/lib/gcc/msp430/4.5.3/../../../../msp430/lib/mcpu-430x/mmpy-16/libc.a(printf.o)
 .debug_loc     0x00000577       0xeb /usr/lib/gcc/msp430/4.5.3/../../../../msp430/lib/mcpu-430x/mmpy-16/libc.a(sprintf.o)
 .debug_loc     0x00000662      0x49c /usr/lib/gcc/msp430/4.5.3/../../../../msp430/lib/mcpu-430x/mmpy-16/libc.a(vuprintf.o)
 .debug_loc     0x00000afe       0x2d /usr/lib/gcc/msp430/4.5.3/../../../../msp430/lib/mcpu-430x/mmpy-16/libc.a(puts.o)
 .debug_loc     0x00000b2b       0x52 /usr/lib/gcc/msp430/4.5.3/../../../../msp430/lib/mcpu-430x/mmpy-16/libc.a(rand.o)

.debug_macinfo
 *(.debug_macinfo)

.debug_pubtypes
                0x00000000      0x19f
 *(.debug_pubtypes)
 .debug_pubtypes
                0x00000000       0x1d /usr/lib/gcc/msp430/4.5.3/../../../../msp430/lib/mcpu-430x/mmpy-16/libc.a(strncmp.o)
 .debug_pubtypes
                0x0000001d       0x1d /usr/lib/gcc/msp430/4.5.3/../../../../msp430/lib/mcpu-430x/mmpy-16/libc.a(memcmp.o)
 .debug_pubtypes
                0x0000003a       0x26 /usr/lib/gcc/msp430/4.5.3/../../../../msp430/lib/mcpu-430x/mmpy-16/libc.a(memcpy.o)
 .debug_pubtypes
                0x00000060       0x26 /usr/lib/gcc/msp430/4.5.3/../../../../msp430/lib/mcpu-430x/mmpy-16/libc.a(memmove.o)
 .debug_pubtypes
                0x00000086       0x32 /usr/lib/gcc/msp430/4.5.3/../../../../msp430/lib/mcpu-430x/mmpy-16/libc.a(memset.o)
 .debug_pubtypes
                0x000000b8       0x31 /usr/lib/gcc/msp430/4.5.3/../../../../msp430/lib/mcpu-430x/mmpy-16/libc.a(printf.o)
 .debug_pubtypes
                0x000000e9       0x3c /usr/lib/gcc/msp430/4.5.3/../../../../msp430/lib/mcpu-430x/mmpy-16/libc.a(sprintf.o)
 .debug_pubtypes
                0x00000125       0x56 /usr/lib/gcc/msp430/4.5.3/../../../../msp430/lib/mcpu-430x/mmpy-16/libc.a(vuprintf.o)
 .debug_pubtypes
                0x0000017b       0x12 /usr/lib/gcc/msp430/4.5.3/../../../../msp430/lib/mcpu-430x/mmpy-16/libc.a(puts.o)
 .debug_pubtypes
                0x0000018d       0x12 /usr/lib/gcc/msp430/4.5.3/../../../../msp430/lib/mcpu-430x/mmpy-16/libc.a(rand.o)

.debug_ranges   0x00000000        0xc
 *(.debug_ranges)
 .debug_ranges  0x00000000        0xc /usr/lib/gcc/msp430/4.5.3/../../../../msp430/lib/mcpu-430x/mmpy-16/libc.a(vuprintf.o)
                0x00003100                PROVIDE (__stack, (ORIGIN (ram) + 0x2000))
                0x0000f360                PROVIDE (__data_start_rom, _etext)
                0x0000f464                PROVIDE (__data_end_rom, (_etext + SIZEOF (.data)))
OUTPUT(unicast-sender.z1 elf32-msp430)
